Copyright 1986-2020 Xilinx, Inc. All Rights Reserved.
------------------------------------------------------------------------------------------------------------------------------------------
| Tool Version : Vivado v.2020.1 (lin64) Build 2902540 Wed May 27 19:54:35 MDT 2020
| Date         : Tue Sep 22 23:19:17 2026
| Host         : dipen-ubuntu-mate running 64-bit Ubuntu 24.04.3 LTS
| Command      : report_drc -file design_1_wrapper_drc_routed.rpt -pb design_1_wrapper_drc_routed.pb -rpx design_1_wrapper_drc_routed.rpx
| Design       : design_1_wrapper
| Device       : xc7k480tffg1156-2
| Speed File   : -2
| Design State : Fully Routed
------------------------------------------------------------------------------------------------------------------------------------------

Report DRC

Table of Contents
-----------------
1. REPORT SUMMARY
2. REPORT DETAILS

1. REPORT SUMMARY
-----------------
            Netlist: netlist
          Floorplan: design_1
      Design limits: <entire design considered>
           Ruledeck: default
             Max violations: <unlimited>
             Violations found: 27
+-----------+----------+-----------------------------------------------------+------------+
| Rule      | Severity | Description                                         | Violations |
+-----------+----------+-----------------------------------------------------+------------+
| CFGBVS-1  | Warning  | Missing CFGBVS and CONFIG_VOLTAGE Design Properties | 1          |
| CHECK-3   | Warning  | Report rule limit reached                           | 1          |
| REQP-1709 | Warning  | Clock output buffering                              | 2          |
| REQP-1839 | Warning  | RAMB36 async control check                          | 20         |
| REQP-1840 | Warning  | RAMB18 async control check                          | 2          |
| RTSTAT-10 | Warning  | No routable loads                                   | 1          |
+-----------+----------+-----------------------------------------------------+------------+

2. REPORT DETAILS
-----------------
CFGBVS-1#1 Warning
Missing CFGBVS and CONFIG_VOLTAGE Design Properties  
Neither the CFGBVS nor CONFIG_VOLTAGE voltage property is set in the current_design.  Configuration bank voltage select (CFGBVS) must be set to VCCO or GND, and CONFIG_VOLTAGE must be set to the correct configuration voltage, in order to determine the I/O voltage support for the pins in bank 0.  It is suggested to specify these either using the 'Edit Device Properties' function in the GUI or directly in the XDC file using the following syntax:

 set_property CFGBVS value1 [current_design]
 #where value1 is either VCCO or GND

 set_property CONFIG_VOLTAGE value2 [current_design]
 #where value2 is the voltage provided to configuration bank 0

Refer to the device configuration user guide for more information.
Related violations: <none>

CHECK-3#1 Warning
Report rule limit reached  
REQP-1839 rule limit reached: 20 violations have been found.
Related violations: <none>

REQP-1709#1 Warning
Clock output buffering  
PLLE2_ADV connectivity violation. The signal design_1_i/mig_7series_0/u_design_1_mig_7series_0_3_mig/c0_u_ddr3_infrastructure/pll_clk3_out on the design_1_i/mig_7series_0/u_design_1_mig_7series_0_3_mig/c0_u_ddr3_infrastructure/plle2_i/CLKOUT3 pin of design_1_i/mig_7series_0/u_design_1_mig_7series_0_3_mig/c0_u_ddr3_infrastructure/plle2_i does not drive the same kind of BUFFER load as the other CLKOUT pins. Routing from the different buffer types will not be phase aligned.
Related violations: <none>

REQP-1709#2 Warning
Clock output buffering  
PLLE2_ADV connectivity violation. The signal design_1_i/mig_7series_0/u_design_1_mig_7series_0_3_mig/c1_u_ddr3_infrastructure/pll_clk3_out on the design_1_i/mig_7series_0/u_design_1_mig_7series_0_3_mig/c1_u_ddr3_infrastructure/plle2_i/CLKOUT3 pin of design_1_i/mig_7series_0/u_design_1_mig_7series_0_3_mig/c1_u_ddr3_infrastructure/plle2_i does not drive the same kind of BUFFER load as the other CLKOUT pins. Routing from the different buffer types will not be phase aligned.
Related violations: <none>

REQP-1839#1 Warning
RAMB36 async control check  
The RAMB36E1 design_1_i/xdma_0/inst/design_1_xdma_0_2_pcie2_to_pcie3_wrapper_i/design_1_xdma_0_2_axi_stream_intf_i/design_1_xdma_0_2_rx_demux_i/dma_cpl_fifo_inst/U0/inst_fifo_gen/gaxis_fifo.gaxisf.axisf/grf.rf/gntv_or_sync_fifo.mem/gbm.gbmg.gbmga.ngecc.bmg/inst_blk_mem_gen/gnbram.gnativebmg.native_blk_mem_gen/valid.cstr/ramloop[1].ram.r/prim_noinit.ram/DEVICE_7SERIES.NO_BMM_INFO.SDP.WIDE_PRIM36_NO_ECC.ram has an input control pin design_1_i/xdma_0/inst/design_1_xdma_0_2_pcie2_to_pcie3_wrapper_i/design_1_xdma_0_2_axi_stream_intf_i/design_1_xdma_0_2_rx_demux_i/dma_cpl_fifo_inst/U0/inst_fifo_gen/gaxis_fifo.gaxisf.axisf/grf.rf/gntv_or_sync_fifo.mem/gbm.gbmg.gbmga.ngecc.bmg/inst_blk_mem_gen/gnbram.gnativebmg.native_blk_mem_gen/valid.cstr/ramloop[1].ram.r/prim_noinit.ram/DEVICE_7SERIES.NO_BMM_INFO.SDP.WIDE_PRIM36_NO_ECC.ram/ENARDEN (net: design_1_i/xdma_0/inst/design_1_xdma_0_2_pcie2_to_pcie3_wrapper_i/design_1_xdma_0_2_axi_stream_intf_i/design_1_xdma_0_2_rx_demux_i/dma_cpl_fifo_inst/U0/inst_fifo_gen/gaxis_fifo.gaxisf.axisf/grf.rf/gntv_or_sync_fifo.mem/gbm.gbmg.gbmga.ngecc.bmg/inst_blk_mem_gen/gnbram.gnativebmg.native_blk_mem_gen/valid.cstr/ramloop[1].ram.r/prim_noinit.ram/DEVICE_7SERIES.NO_BMM_INFO.SDP.WIDE_PRIM36_NO_ECC.ram_ENARDEN_cooolgate_en_sig_8) which is driven by a register (design_1_i/xdma_0/inst/design_1_xdma_0_2_pcie2_to_pcie3_wrapper_i/design_1_xdma_0_2_axi_stream_intf_i/design_1_xdma_0_2_rx_demux_i/dma_cpl_fifo_inst/U0/inst_fifo_gen/gaxis_fifo.gaxisf.axisf/grf.rf/gntv_or_sync_fifo.gl0.rd/gr1.gr1_int.rfwft/gfwft_rst_done.fwft_rst_done_reg) that has an active asychronous set or reset. This may cause corruption of the memory contents and/or read values when the set/reset is asserted and is not analyzed by the default static timing analysis. It is suggested to eliminate the use of a set/reset to registers driving this RAMB pin or else use a synchronous reset in which the assertion of the reset is timed by default.
Related violations: <none>

REQP-1839#2 Warning
RAMB36 async control check  
The RAMB36E1 design_1_i/xdma_0/inst/design_1_xdma_0_2_pcie2_to_pcie3_wrapper_i/design_1_xdma_0_2_axi_stream_intf_i/design_1_xdma_0_2_rx_demux_i/dma_cpl_fifo_inst/U0/inst_fifo_gen/gaxis_fifo.gaxisf.axisf/grf.rf/gntv_or_sync_fifo.mem/gbm.gbmg.gbmga.ngecc.bmg/inst_blk_mem_gen/gnbram.gnativebmg.native_blk_mem_gen/valid.cstr/ramloop[1].ram.r/prim_noinit.ram/DEVICE_7SERIES.NO_BMM_INFO.SDP.WIDE_PRIM36_NO_ECC.ram has an input control pin design_1_i/xdma_0/inst/design_1_xdma_0_2_pcie2_to_pcie3_wrapper_i/design_1_xdma_0_2_axi_stream_intf_i/design_1_xdma_0_2_rx_demux_i/dma_cpl_fifo_inst/U0/inst_fifo_gen/gaxis_fifo.gaxisf.axisf/grf.rf/gntv_or_sync_fifo.mem/gbm.gbmg.gbmga.ngecc.bmg/inst_blk_mem_gen/gnbram.gnativebmg.native_blk_mem_gen/valid.cstr/ramloop[1].ram.r/prim_noinit.ram/DEVICE_7SERIES.NO_BMM_INFO.SDP.WIDE_PRIM36_NO_ECC.ram/ENARDEN (net: design_1_i/xdma_0/inst/design_1_xdma_0_2_pcie2_to_pcie3_wrapper_i/design_1_xdma_0_2_axi_stream_intf_i/design_1_xdma_0_2_rx_demux_i/dma_cpl_fifo_inst/U0/inst_fifo_gen/gaxis_fifo.gaxisf.axisf/grf.rf/gntv_or_sync_fifo.mem/gbm.gbmg.gbmga.ngecc.bmg/inst_blk_mem_gen/gnbram.gnativebmg.native_blk_mem_gen/valid.cstr/ramloop[1].ram.r/prim_noinit.ram/DEVICE_7SERIES.NO_BMM_INFO.SDP.WIDE_PRIM36_NO_ECC.ram_ENARDEN_cooolgate_en_sig_8) which is driven by a register (design_1_i/xdma_0/inst/design_1_xdma_0_2_pcie2_to_pcie3_wrapper_i/pcie2_ip_i/U0/inst/user_reset_out_reg) that has an active asychronous set or reset. This may cause corruption of the memory contents and/or read values when the set/reset is asserted and is not analyzed by the default static timing analysis. It is suggested to eliminate the use of a set/reset to registers driving this RAMB pin or else use a synchronous reset in which the assertion of the reset is timed by default.
Related violations: <none>

REQP-1839#3 Warning
RAMB36 async control check  
The RAMB36E1 design_1_i/xdma_0/inst/ram_top/C2H_PCIE_DSC_CPLD_RAM/the_bram_reg_0 has an input control pin design_1_i/xdma_0/inst/ram_top/C2H_PCIE_DSC_CPLD_RAM/the_bram_reg_0/ENBWREN (net: design_1_i/xdma_0/inst/ram_top/C2H_PCIE_DSC_CPLD_RAM/the_bram_reg_0_ENBWREN_cooolgate_en_sig_50) which is driven by a register (design_1_i/xdma_0/inst/udma_wrapper/dma_top/dma_enable.vul_dma/pcie_dsc_rst_3ff_reg_rep__3) that has an active asychronous set or reset. This may cause corruption of the memory contents and/or read values when the set/reset is asserted and is not analyzed by the default static timing analysis. It is suggested to eliminate the use of a set/reset to registers driving this RAMB pin or else use a synchronous reset in which the assertion of the reset is timed by default.
Related violations: <none>

REQP-1839#4 Warning
RAMB36 async control check  
The RAMB36E1 design_1_i/xdma_0/inst/ram_top/C2H_PCIE_DSC_CPLD_RAM/the_bram_reg_0 has an input control pin design_1_i/xdma_0/inst/ram_top/C2H_PCIE_DSC_CPLD_RAM/the_bram_reg_0/ENBWREN (net: design_1_i/xdma_0/inst/ram_top/C2H_PCIE_DSC_CPLD_RAM/the_bram_reg_0_ENBWREN_cooolgate_en_sig_50) which is driven by a register (design_1_i/xdma_0/inst/udma_wrapper/dma_top/dma_enable.vul_dma/pcie_rst_2ff_reg[2]) that has an active asychronous set or reset. This may cause corruption of the memory contents and/or read values when the set/reset is asserted and is not analyzed by the default static timing analysis. It is suggested to eliminate the use of a set/reset to registers driving this RAMB pin or else use a synchronous reset in which the assertion of the reset is timed by default.
Related violations: <none>

REQP-1839#5 Warning
RAMB36 async control check  
The RAMB36E1 design_1_i/xdma_0/inst/ram_top/C2H_PCIE_DSC_CPLD_RAM/the_bram_reg_1 has an input control pin design_1_i/xdma_0/inst/ram_top/C2H_PCIE_DSC_CPLD_RAM/the_bram_reg_1/ENBWREN (net: design_1_i/xdma_0/inst/ram_top/C2H_PCIE_DSC_CPLD_RAM/the_bram_reg_1_ENBWREN_cooolgate_en_sig_34) which is driven by a register (design_1_i/xdma_0/inst/udma_wrapper/dma_top/dma_enable.vul_dma/pcie_dsc_rst_3ff_reg_rep__3) that has an active asychronous set or reset. This may cause corruption of the memory contents and/or read values when the set/reset is asserted and is not analyzed by the default static timing analysis. It is suggested to eliminate the use of a set/reset to registers driving this RAMB pin or else use a synchronous reset in which the assertion of the reset is timed by default.
Related violations: <none>

REQP-1839#6 Warning
RAMB36 async control check  
The RAMB36E1 design_1_i/xdma_0/inst/ram_top/C2H_PCIE_DSC_CPLD_RAM/the_bram_reg_1 has an input control pin design_1_i/xdma_0/inst/ram_top/C2H_PCIE_DSC_CPLD_RAM/the_bram_reg_1/ENBWREN (net: design_1_i/xdma_0/inst/ram_top/C2H_PCIE_DSC_CPLD_RAM/the_bram_reg_1_ENBWREN_cooolgate_en_sig_34) which is driven by a register (design_1_i/xdma_0/inst/udma_wrapper/dma_top/dma_enable.vul_dma/pcie_rst_2ff_reg[2]) that has an active asychronous set or reset. This may cause corruption of the memory contents and/or read values when the set/reset is asserted and is not analyzed by the default static timing analysis. It is suggested to eliminate the use of a set/reset to registers driving this RAMB pin or else use a synchronous reset in which the assertion of the reset is timed by default.
Related violations: <none>

REQP-1839#7 Warning
RAMB36 async control check  
The RAMB36E1 design_1_i/xdma_0/inst/ram_top/MASTER_READ_BRAM/genblk1[0].u_buffermem/U0/inst_blk_mem_gen/gnbram.gnativebmg.native_blk_mem_gen/valid.cstr/ramloop[0].ram.r/prim_noinit.ram/DEVICE_7SERIES.NO_BMM_INFO.SDP.WIDE_PRIM36_NO_ECC.ram has an input control pin design_1_i/xdma_0/inst/ram_top/MASTER_READ_BRAM/genblk1[0].u_buffermem/U0/inst_blk_mem_gen/gnbram.gnativebmg.native_blk_mem_gen/valid.cstr/ramloop[0].ram.r/prim_noinit.ram/DEVICE_7SERIES.NO_BMM_INFO.SDP.WIDE_PRIM36_NO_ECC.ram/ADDRARDADDR[10] (net: design_1_i/xdma_0/inst/ram_top/MASTER_READ_BRAM/genblk1[0].u_buffermem/U0/inst_blk_mem_gen/gnbram.gnativebmg.native_blk_mem_gen/valid.cstr/ramloop[0].ram.r/prim_noinit.ram/addrb[4]) which is driven by a register (design_1_i/xdma_0/inst/design_1_xdma_0_2_pcie2_to_pcie3_wrapper_i/pcie2_ip_i/U0/inst/user_reset_out_reg) that has an active asychronous set or reset. This may cause corruption of the memory contents and/or read values when the set/reset is asserted and is not analyzed by the default static timing analysis. It is suggested to eliminate the use of a set/reset to registers driving this RAMB pin or else use a synchronous reset in which the assertion of the reset is timed by default.
Related violations: <none>

REQP-1839#8 Warning
RAMB36 async control check  
The RAMB36E1 design_1_i/xdma_0/inst/ram_top/MASTER_READ_BRAM/genblk1[0].u_buffermem/U0/inst_blk_mem_gen/gnbram.gnativebmg.native_blk_mem_gen/valid.cstr/ramloop[0].ram.r/prim_noinit.ram/DEVICE_7SERIES.NO_BMM_INFO.SDP.WIDE_PRIM36_NO_ECC.ram has an input control pin design_1_i/xdma_0/inst/ram_top/MASTER_READ_BRAM/genblk1[0].u_buffermem/U0/inst_blk_mem_gen/gnbram.gnativebmg.native_blk_mem_gen/valid.cstr/ramloop[0].ram.r/prim_noinit.ram/DEVICE_7SERIES.NO_BMM_INFO.SDP.WIDE_PRIM36_NO_ECC.ram/ADDRARDADDR[11] (net: design_1_i/xdma_0/inst/ram_top/MASTER_READ_BRAM/genblk1[0].u_buffermem/U0/inst_blk_mem_gen/gnbram.gnativebmg.native_blk_mem_gen/valid.cstr/ramloop[0].ram.r/prim_noinit.ram/addrb[5]) which is driven by a register (design_1_i/xdma_0/inst/design_1_xdma_0_2_pcie2_to_pcie3_wrapper_i/pcie2_ip_i/U0/inst/user_reset_out_reg) that has an active asychronous set or reset. This may cause corruption of the memory contents and/or read values when the set/reset is asserted and is not analyzed by the default static timing analysis. It is suggested to eliminate the use of a set/reset to registers driving this RAMB pin or else use a synchronous reset in which the assertion of the reset is timed by default.
Related violations: <none>

REQP-1839#9 Warning
RAMB36 async control check  
The RAMB36E1 design_1_i/xdma_0/inst/ram_top/MASTER_READ_BRAM/genblk1[0].u_buffermem/U0/inst_blk_mem_gen/gnbram.gnativebmg.native_blk_mem_gen/valid.cstr/ramloop[0].ram.r/prim_noinit.ram/DEVICE_7SERIES.NO_BMM_INFO.SDP.WIDE_PRIM36_NO_ECC.ram has an input control pin design_1_i/xdma_0/inst/ram_top/MASTER_READ_BRAM/genblk1[0].u_buffermem/U0/inst_blk_mem_gen/gnbram.gnativebmg.native_blk_mem_gen/valid.cstr/ramloop[0].ram.r/prim_noinit.ram/DEVICE_7SERIES.NO_BMM_INFO.SDP.WIDE_PRIM36_NO_ECC.ram/ADDRARDADDR[12] (net: design_1_i/xdma_0/inst/ram_top/MASTER_READ_BRAM/genblk1[0].u_buffermem/U0/inst_blk_mem_gen/gnbram.gnativebmg.native_blk_mem_gen/valid.cstr/ramloop[0].ram.r/prim_noinit.ram/addrb[6]) which is driven by a register (design_1_i/xdma_0/inst/design_1_xdma_0_2_pcie2_to_pcie3_wrapper_i/pcie2_ip_i/U0/inst/user_reset_out_reg) that has an active asychronous set or reset. This may cause corruption of the memory contents and/or read values when the set/reset is asserted and is not analyzed by the default static timing analysis. It is suggested to eliminate the use of a set/reset to registers driving this RAMB pin or else use a synchronous reset in which the assertion of the reset is timed by default.
Related violations: <none>

REQP-1839#10 Warning
RAMB36 async control check  
The RAMB36E1 design_1_i/xdma_0/inst/ram_top/MASTER_READ_BRAM/genblk1[0].u_buffermem/U0/inst_blk_mem_gen/gnbram.gnativebmg.native_blk_mem_gen/valid.cstr/ramloop[0].ram.r/prim_noinit.ram/DEVICE_7SERIES.NO_BMM_INFO.SDP.WIDE_PRIM36_NO_ECC.ram has an input control pin design_1_i/xdma_0/inst/ram_top/MASTER_READ_BRAM/genblk1[0].u_buffermem/U0/inst_blk_mem_gen/gnbram.gnativebmg.native_blk_mem_gen/valid.cstr/ramloop[0].ram.r/prim_noinit.ram/DEVICE_7SERIES.NO_BMM_INFO.SDP.WIDE_PRIM36_NO_ECC.ram/ADDRARDADDR[13] (net: design_1_i/xdma_0/inst/ram_top/MASTER_READ_BRAM/genblk1[0].u_buffermem/U0/inst_blk_mem_gen/gnbram.gnativebmg.native_blk_mem_gen/valid.cstr/ramloop[0].ram.r/prim_noinit.ram/addrb[7]) which is driven by a register (design_1_i/xdma_0/inst/design_1_xdma_0_2_pcie2_to_pcie3_wrapper_i/pcie2_ip_i/U0/inst/user_reset_out_reg) that has an active asychronous set or reset. This may cause corruption of the memory contents and/or read values when the set/reset is asserted and is not analyzed by the default static timing analysis. It is suggested to eliminate the use of a set/reset to registers driving this RAMB pin or else use a synchronous reset in which the assertion of the reset is timed by default.
Related violations: <none>

REQP-1839#11 Warning
RAMB36 async control check  
The RAMB36E1 design_1_i/xdma_0/inst/ram_top/MASTER_READ_BRAM/genblk1[0].u_buffermem/U0/inst_blk_mem_gen/gnbram.gnativebmg.native_blk_mem_gen/valid.cstr/ramloop[0].ram.r/prim_noinit.ram/DEVICE_7SERIES.NO_BMM_INFO.SDP.WIDE_PRIM36_NO_ECC.ram has an input control pin design_1_i/xdma_0/inst/ram_top/MASTER_READ_BRAM/genblk1[0].u_buffermem/U0/inst_blk_mem_gen/gnbram.gnativebmg.native_blk_mem_gen/valid.cstr/ramloop[0].ram.r/prim_noinit.ram/DEVICE_7SERIES.NO_BMM_INFO.SDP.WIDE_PRIM36_NO_ECC.ram/ADDRARDADDR[14] (net: design_1_i/xdma_0/inst/ram_top/MASTER_READ_BRAM/genblk1[0].u_buffermem/U0/inst_blk_mem_gen/gnbram.gnativebmg.native_blk_mem_gen/valid.cstr/ramloop[0].ram.r/prim_noinit.ram/addrb[8]) which is driven by a register (design_1_i/xdma_0/inst/design_1_xdma_0_2_pcie2_to_pcie3_wrapper_i/pcie2_ip_i/U0/inst/user_reset_out_reg) that has an active asychronous set or reset. This may cause corruption of the memory contents and/or read values when the set/reset is asserted and is not analyzed by the default static timing analysis. It is suggested to eliminate the use of a set/reset to registers driving this RAMB pin or else use a synchronous reset in which the assertion of the reset is timed by default.
Related violations: <none>

REQP-1839#12 Warning
RAMB36 async control check  
The RAMB36E1 design_1_i/xdma_0/inst/ram_top/MASTER_READ_BRAM/genblk1[0].u_buffermem/U0/inst_blk_mem_gen/gnbram.gnativebmg.native_blk_mem_gen/valid.cstr/ramloop[0].ram.r/prim_noinit.ram/DEVICE_7SERIES.NO_BMM_INFO.SDP.WIDE_PRIM36_NO_ECC.ram has an input control pin design_1_i/xdma_0/inst/ram_top/MASTER_READ_BRAM/genblk1[0].u_buffermem/U0/inst_blk_mem_gen/gnbram.gnativebmg.native_blk_mem_gen/valid.cstr/ramloop[0].ram.r/prim_noinit.ram/DEVICE_7SERIES.NO_BMM_INFO.SDP.WIDE_PRIM36_NO_ECC.ram/ADDRARDADDR[6] (net: design_1_i/xdma_0/inst/ram_top/MASTER_READ_BRAM/genblk1[0].u_buffermem/U0/inst_blk_mem_gen/gnbram.gnativebmg.native_blk_mem_gen/valid.cstr/ramloop[0].ram.r/prim_noinit.ram/addrb[0]) which is driven by a register (design_1_i/xdma_0/inst/design_1_xdma_0_2_pcie2_to_pcie3_wrapper_i/pcie2_ip_i/U0/inst/user_reset_out_reg) that has an active asychronous set or reset. This may cause corruption of the memory contents and/or read values when the set/reset is asserted and is not analyzed by the default static timing analysis. It is suggested to eliminate the use of a set/reset to registers driving this RAMB pin or else use a synchronous reset in which the assertion of the reset is timed by default.
Related violations: <none>

REQP-1839#13 Warning
RAMB36 async control check  
The RAMB36E1 design_1_i/xdma_0/inst/ram_top/MASTER_READ_BRAM/genblk1[0].u_buffermem/U0/inst_blk_mem_gen/gnbram.gnativebmg.native_blk_mem_gen/valid.cstr/ramloop[0].ram.r/prim_noinit.ram/DEVICE_7SERIES.NO_BMM_INFO.SDP.WIDE_PRIM36_NO_ECC.ram has an input control pin design_1_i/xdma_0/inst/ram_top/MASTER_READ_BRAM/genblk1[0].u_buffermem/U0/inst_blk_mem_gen/gnbram.gnativebmg.native_blk_mem_gen/valid.cstr/ramloop[0].ram.r/prim_noinit.ram/DEVICE_7SERIES.NO_BMM_INFO.SDP.WIDE_PRIM36_NO_ECC.ram/ADDRARDADDR[7] (net: design_1_i/xdma_0/inst/ram_top/MASTER_READ_BRAM/genblk1[0].u_buffermem/U0/inst_blk_mem_gen/gnbram.gnativebmg.native_blk_mem_gen/valid.cstr/ramloop[0].ram.r/prim_noinit.ram/addrb[1]) which is driven by a register (design_1_i/xdma_0/inst/design_1_xdma_0_2_pcie2_to_pcie3_wrapper_i/pcie2_ip_i/U0/inst/user_reset_out_reg) that has an active asychronous set or reset. This may cause corruption of the memory contents and/or read values when the set/reset is asserted and is not analyzed by the default static timing analysis. It is suggested to eliminate the use of a set/reset to registers driving this RAMB pin or else use a synchronous reset in which the assertion of the reset is timed by default.
Related violations: <none>

REQP-1839#14 Warning
RAMB36 async control check  
The RAMB36E1 design_1_i/xdma_0/inst/ram_top/MASTER_READ_BRAM/genblk1[0].u_buffermem/U0/inst_blk_mem_gen/gnbram.gnativebmg.native_blk_mem_gen/valid.cstr/ramloop[0].ram.r/prim_noinit.ram/DEVICE_7SERIES.NO_BMM_INFO.SDP.WIDE_PRIM36_NO_ECC.ram has an input control pin design_1_i/xdma_0/inst/ram_top/MASTER_READ_BRAM/genblk1[0].u_buffermem/U0/inst_blk_mem_gen/gnbram.gnativebmg.native_blk_mem_gen/valid.cstr/ramloop[0].ram.r/prim_noinit.ram/DEVICE_7SERIES.NO_BMM_INFO.SDP.WIDE_PRIM36_NO_ECC.ram/ADDRARDADDR[8] (net: design_1_i/xdma_0/inst/ram_top/MASTER_READ_BRAM/genblk1[0].u_buffermem/U0/inst_blk_mem_gen/gnbram.gnativebmg.native_blk_mem_gen/valid.cstr/ramloop[0].ram.r/prim_noinit.ram/addrb[2]) which is driven by a register (design_1_i/xdma_0/inst/design_1_xdma_0_2_pcie2_to_pcie3_wrapper_i/pcie2_ip_i/U0/inst/user_reset_out_reg) that has an active asychronous set or reset. This may cause corruption of the memory contents and/or read values when the set/reset is asserted and is not analyzed by the default static timing analysis. It is suggested to eliminate the use of a set/reset to registers driving this RAMB pin or else use a synchronous reset in which the assertion of the reset is timed by default.
Related violations: <none>

REQP-1839#15 Warning
RAMB36 async control check  
The RAMB36E1 design_1_i/xdma_0/inst/ram_top/MASTER_READ_BRAM/genblk1[0].u_buffermem/U0/inst_blk_mem_gen/gnbram.gnativebmg.native_blk_mem_gen/valid.cstr/ramloop[0].ram.r/prim_noinit.ram/DEVICE_7SERIES.NO_BMM_INFO.SDP.WIDE_PRIM36_NO_ECC.ram has an input control pin design_1_i/xdma_0/inst/ram_top/MASTER_READ_BRAM/genblk1[0].u_buffermem/U0/inst_blk_mem_gen/gnbram.gnativebmg.native_blk_mem_gen/valid.cstr/ramloop[0].ram.r/prim_noinit.ram/DEVICE_7SERIES.NO_BMM_INFO.SDP.WIDE_PRIM36_NO_ECC.ram/ADDRARDADDR[9] (net: design_1_i/xdma_0/inst/ram_top/MASTER_READ_BRAM/genblk1[0].u_buffermem/U0/inst_blk_mem_gen/gnbram.gnativebmg.native_blk_mem_gen/valid.cstr/ramloop[0].ram.r/prim_noinit.ram/addrb[3]) which is driven by a register (design_1_i/xdma_0/inst/design_1_xdma_0_2_pcie2_to_pcie3_wrapper_i/pcie2_ip_i/U0/inst/user_reset_out_reg) that has an active asychronous set or reset. This may cause corruption of the memory contents and/or read values when the set/reset is asserted and is not analyzed by the default static timing analysis. It is suggested to eliminate the use of a set/reset to registers driving this RAMB pin or else use a synchronous reset in which the assertion of the reset is timed by default.
Related violations: <none>

REQP-1839#16 Warning
RAMB36 async control check  
The RAMB36E1 design_1_i/xdma_0/inst/ram_top/MASTER_READ_BRAM/genblk1[0].u_buffermem/U0/inst_blk_mem_gen/gnbram.gnativebmg.native_blk_mem_gen/valid.cstr/ramloop[0].ram.r/prim_noinit.ram/DEVICE_7SERIES.NO_BMM_INFO.SDP.WIDE_PRIM36_NO_ECC.ram has an input control pin design_1_i/xdma_0/inst/ram_top/MASTER_READ_BRAM/genblk1[0].u_buffermem/U0/inst_blk_mem_gen/gnbram.gnativebmg.native_blk_mem_gen/valid.cstr/ramloop[0].ram.r/prim_noinit.ram/DEVICE_7SERIES.NO_BMM_INFO.SDP.WIDE_PRIM36_NO_ECC.ram/ENARDEN (net: design_1_i/xdma_0/inst/ram_top/MASTER_READ_BRAM/genblk1[0].u_buffermem/U0/inst_blk_mem_gen/gnbram.gnativebmg.native_blk_mem_gen/valid.cstr/ramloop[0].ram.r/prim_noinit.ram/DEVICE_7SERIES.NO_BMM_INFO.SDP.WIDE_PRIM36_NO_ECC.ram_ENARDEN_cooolgate_en_sig_58) which is driven by a register (design_1_i/xdma_0/inst/design_1_xdma_0_2_pcie2_to_pcie3_wrapper_i/pcie2_ip_i/U0/inst/user_reset_out_reg) that has an active asychronous set or reset. This may cause corruption of the memory contents and/or read values when the set/reset is asserted and is not analyzed by the default static timing analysis. It is suggested to eliminate the use of a set/reset to registers driving this RAMB pin or else use a synchronous reset in which the assertion of the reset is timed by default.
Related violations: <none>

REQP-1839#17 Warning
RAMB36 async control check  
The RAMB36E1 design_1_i/xdma_0/inst/ram_top/MASTER_READ_BRAM/genblk1[0].u_buffermem/U0/inst_blk_mem_gen/gnbram.gnativebmg.native_blk_mem_gen/valid.cstr/ramloop[0].ram.r/prim_noinit.ram/DEVICE_7SERIES.NO_BMM_INFO.SDP.WIDE_PRIM36_NO_ECC.ram has an input control pin design_1_i/xdma_0/inst/ram_top/MASTER_READ_BRAM/genblk1[0].u_buffermem/U0/inst_blk_mem_gen/gnbram.gnativebmg.native_blk_mem_gen/valid.cstr/ramloop[0].ram.r/prim_noinit.ram/DEVICE_7SERIES.NO_BMM_INFO.SDP.WIDE_PRIM36_NO_ECC.ram/ENARDEN (net: design_1_i/xdma_0/inst/ram_top/MASTER_READ_BRAM/genblk1[0].u_buffermem/U0/inst_blk_mem_gen/gnbram.gnativebmg.native_blk_mem_gen/valid.cstr/ramloop[0].ram.r/prim_noinit.ram/DEVICE_7SERIES.NO_BMM_INFO.SDP.WIDE_PRIM36_NO_ECC.ram_ENARDEN_cooolgate_en_sig_58) which is driven by a register (design_1_i/xdma_0/inst/udma_wrapper/dma_top/user_rst_n_2ff_reg[0]) that has an active asychronous set or reset. This may cause corruption of the memory contents and/or read values when the set/reset is asserted and is not analyzed by the default static timing analysis. It is suggested to eliminate the use of a set/reset to registers driving this RAMB pin or else use a synchronous reset in which the assertion of the reset is timed by default.
Related violations: <none>

REQP-1839#18 Warning
RAMB36 async control check  
The RAMB36E1 design_1_i/xdma_0/inst/ram_top/MASTER_READ_BRAM/genblk1[0].u_buffermem/U0/inst_blk_mem_gen/gnbram.gnativebmg.native_blk_mem_gen/valid.cstr/ramloop[0].ram.r/prim_noinit.ram/DEVICE_7SERIES.NO_BMM_INFO.SDP.WIDE_PRIM36_NO_ECC.ram has an input control pin design_1_i/xdma_0/inst/ram_top/MASTER_READ_BRAM/genblk1[0].u_buffermem/U0/inst_blk_mem_gen/gnbram.gnativebmg.native_blk_mem_gen/valid.cstr/ramloop[0].ram.r/prim_noinit.ram/DEVICE_7SERIES.NO_BMM_INFO.SDP.WIDE_PRIM36_NO_ECC.ram/ENARDEN (net: design_1_i/xdma_0/inst/ram_top/MASTER_READ_BRAM/genblk1[0].u_buffermem/U0/inst_blk_mem_gen/gnbram.gnativebmg.native_blk_mem_gen/valid.cstr/ramloop[0].ram.r/prim_noinit.ram/DEVICE_7SERIES.NO_BMM_INFO.SDP.WIDE_PRIM36_NO_ECC.ram_ENARDEN_cooolgate_en_sig_58) which is driven by a register (design_1_i/xdma_0/inst/udma_wrapper/dma_top/user_rst_n_3ff_reg[0]) that has an active asychronous set or reset. This may cause corruption of the memory contents and/or read values when the set/reset is asserted and is not analyzed by the default static timing analysis. It is suggested to eliminate the use of a set/reset to registers driving this RAMB pin or else use a synchronous reset in which the assertion of the reset is timed by default.
Related violations: <none>

REQP-1839#19 Warning
RAMB36 async control check  
The RAMB36E1 design_1_i/xdma_0/inst/ram_top/gen_c2h_bram.C2H_DAT0_FIFO/genblk1[0].u_buffermem/U0/inst_blk_mem_gen/gnbram.gnativebmg.native_blk_mem_gen/valid.cstr/ramloop[0].ram.r/prim_noinit.ram/DEVICE_7SERIES.NO_BMM_INFO.SDP.WIDE_PRIM36_NO_ECC.ram has an input control pin design_1_i/xdma_0/inst/ram_top/gen_c2h_bram.C2H_DAT0_FIFO/genblk1[0].u_buffermem/U0/inst_blk_mem_gen/gnbram.gnativebmg.native_blk_mem_gen/valid.cstr/ramloop[0].ram.r/prim_noinit.ram/DEVICE_7SERIES.NO_BMM_INFO.SDP.WIDE_PRIM36_NO_ECC.ram/ENARDEN (net: design_1_i/xdma_0/inst/ram_top/gen_c2h_bram.C2H_DAT0_FIFO/genblk1[0].u_buffermem/U0/inst_blk_mem_gen/gnbram.gnativebmg.native_blk_mem_gen/valid.cstr/ramloop[0].ram.r/prim_noinit.ram/DEVICE_7SERIES.NO_BMM_INFO.SDP.WIDE_PRIM36_NO_ECC.ram_ENARDEN_cooolgate_en_sig_59) which is driven by a register (design_1_i/xdma_0/inst/udma_wrapper/dma_top/dma_enable.vul_dma/pcie_c2h_rst_3ff_reg[0]_rep__2) that has an active asychronous set or reset. This may cause corruption of the memory contents and/or read values when the set/reset is asserted and is not analyzed by the default static timing analysis. It is suggested to eliminate the use of a set/reset to registers driving this RAMB pin or else use a synchronous reset in which the assertion of the reset is timed by default.
Related violations: <none>

REQP-1839#20 Warning
RAMB36 async control check  
The RAMB36E1 design_1_i/xdma_0/inst/ram_top/gen_c2h_bram.C2H_DAT0_FIFO/genblk1[0].u_buffermem/U0/inst_blk_mem_gen/gnbram.gnativebmg.native_blk_mem_gen/valid.cstr/ramloop[0].ram.r/prim_noinit.ram/DEVICE_7SERIES.NO_BMM_INFO.SDP.WIDE_PRIM36_NO_ECC.ram has an input control pin design_1_i/xdma_0/inst/ram_top/gen_c2h_bram.C2H_DAT0_FIFO/genblk1[0].u_buffermem/U0/inst_blk_mem_gen/gnbram.gnativebmg.native_blk_mem_gen/valid.cstr/ramloop[0].ram.r/prim_noinit.ram/DEVICE_7SERIES.NO_BMM_INFO.SDP.WIDE_PRIM36_NO_ECC.ram/ENARDEN (net: design_1_i/xdma_0/inst/ram_top/gen_c2h_bram.C2H_DAT0_FIFO/genblk1[0].u_buffermem/U0/inst_blk_mem_gen/gnbram.gnativebmg.native_blk_mem_gen/valid.cstr/ramloop[0].ram.r/prim_noinit.ram/DEVICE_7SERIES.NO_BMM_INFO.SDP.WIDE_PRIM36_NO_ECC.ram_ENARDEN_cooolgate_en_sig_59) which is driven by a register (design_1_i/xdma_0/inst/udma_wrapper/dma_top/dma_enable.vul_dma/pcie_rst_2ff_reg[0]) that has an active asychronous set or reset. This may cause corruption of the memory contents and/or read values when the set/reset is asserted and is not analyzed by the default static timing analysis. It is suggested to eliminate the use of a set/reset to registers driving this RAMB pin or else use a synchronous reset in which the assertion of the reset is timed by default.
Related violations: <none>

REQP-1840#1 Warning
RAMB18 async control check  
The RAMB18E1 design_1_i/xdma_0/inst/design_1_xdma_0_2_pcie2_to_pcie3_wrapper_i/design_1_xdma_0_2_axi_stream_intf_i/design_1_xdma_0_2_rx_demux_i/dma_cpl_fifo_inst/U0/inst_fifo_gen/gaxis_fifo.gaxisf.axisf/grf.rf/gntv_or_sync_fifo.mem/gbm.gbmg.gbmga.ngecc.bmg/inst_blk_mem_gen/gnbram.gnativebmg.native_blk_mem_gen/valid.cstr/ramloop[0].ram.r/prim_noinit.ram/DEVICE_7SERIES.NO_BMM_INFO.SDP.WIDE_PRIM18.ram has an input control pin design_1_i/xdma_0/inst/design_1_xdma_0_2_pcie2_to_pcie3_wrapper_i/design_1_xdma_0_2_axi_stream_intf_i/design_1_xdma_0_2_rx_demux_i/dma_cpl_fifo_inst/U0/inst_fifo_gen/gaxis_fifo.gaxisf.axisf/grf.rf/gntv_or_sync_fifo.mem/gbm.gbmg.gbmga.ngecc.bmg/inst_blk_mem_gen/gnbram.gnativebmg.native_blk_mem_gen/valid.cstr/ramloop[0].ram.r/prim_noinit.ram/DEVICE_7SERIES.NO_BMM_INFO.SDP.WIDE_PRIM18.ram/ENARDEN (net: design_1_i/xdma_0/inst/design_1_xdma_0_2_pcie2_to_pcie3_wrapper_i/design_1_xdma_0_2_axi_stream_intf_i/design_1_xdma_0_2_rx_demux_i/dma_cpl_fifo_inst/U0/inst_fifo_gen/gaxis_fifo.gaxisf.axisf/grf.rf/gntv_or_sync_fifo.mem/gbm.gbmg.gbmga.ngecc.bmg/inst_blk_mem_gen/gnbram.gnativebmg.native_blk_mem_gen/valid.cstr/ramloop[0].ram.r/prim_noinit.ram/DEVICE_7SERIES.NO_BMM_INFO.SDP.WIDE_PRIM18.ram_ENARDEN_cooolgate_en_sig_7) which is driven by a register (design_1_i/xdma_0/inst/design_1_xdma_0_2_pcie2_to_pcie3_wrapper_i/design_1_xdma_0_2_axi_stream_intf_i/design_1_xdma_0_2_rx_demux_i/dma_cpl_fifo_inst/U0/inst_fifo_gen/gaxis_fifo.gaxisf.axisf/grf.rf/gntv_or_sync_fifo.gl0.rd/gr1.gr1_int.rfwft/gfwft_rst_done.fwft_rst_done_reg) that has an active asychronous set or reset. This may cause corruption of the memory contents and/or read values when the set/reset is asserted and is not analyzed by the default static timing analysis. It is suggested to eliminate the use of a set/reset to registers driving this RAMB pin or else use a synchronous reset in which the assertion of the reset is timed by default.
Related violations: <none>

REQP-1840#2 Warning
RAMB18 async control check  
The RAMB18E1 design_1_i/xdma_0/inst/design_1_xdma_0_2_pcie2_to_pcie3_wrapper_i/design_1_xdma_0_2_axi_stream_intf_i/design_1_xdma_0_2_rx_demux_i/dma_cpl_fifo_inst/U0/inst_fifo_gen/gaxis_fifo.gaxisf.axisf/grf.rf/gntv_or_sync_fifo.mem/gbm.gbmg.gbmga.ngecc.bmg/inst_blk_mem_gen/gnbram.gnativebmg.native_blk_mem_gen/valid.cstr/ramloop[0].ram.r/prim_noinit.ram/DEVICE_7SERIES.NO_BMM_INFO.SDP.WIDE_PRIM18.ram has an input control pin design_1_i/xdma_0/inst/design_1_xdma_0_2_pcie2_to_pcie3_wrapper_i/design_1_xdma_0_2_axi_stream_intf_i/design_1_xdma_0_2_rx_demux_i/dma_cpl_fifo_inst/U0/inst_fifo_gen/gaxis_fifo.gaxisf.axisf/grf.rf/gntv_or_sync_fifo.mem/gbm.gbmg.gbmga.ngecc.bmg/inst_blk_mem_gen/gnbram.gnativebmg.native_blk_mem_gen/valid.cstr/ramloop[0].ram.r/prim_noinit.ram/DEVICE_7SERIES.NO_BMM_INFO.SDP.WIDE_PRIM18.ram/ENARDEN (net: design_1_i/xdma_0/inst/design_1_xdma_0_2_pcie2_to_pcie3_wrapper_i/design_1_xdma_0_2_axi_stream_intf_i/design_1_xdma_0_2_rx_demux_i/dma_cpl_fifo_inst/U0/inst_fifo_gen/gaxis_fifo.gaxisf.axisf/grf.rf/gntv_or_sync_fifo.mem/gbm.gbmg.gbmga.ngecc.bmg/inst_blk_mem_gen/gnbram.gnativebmg.native_blk_mem_gen/valid.cstr/ramloop[0].ram.r/prim_noinit.ram/DEVICE_7SERIES.NO_BMM_INFO.SDP.WIDE_PRIM18.ram_ENARDEN_cooolgate_en_sig_7) which is driven by a register (design_1_i/xdma_0/inst/design_1_xdma_0_2_pcie2_to_pcie3_wrapper_i/pcie2_ip_i/U0/inst/user_reset_out_reg) that has an active asychronous set or reset. This may cause corruption of the memory contents and/or read values when the set/reset is asserted and is not analyzed by the default static timing analysis. It is suggested to eliminate the use of a set/reset to registers driving this RAMB pin or else use a synchronous reset in which the assertion of the reset is timed by default.
Related violations: <none>

RTSTAT-10#1 Warning
No routable loads  
17 net(s) have no routable loads. The problem bus(es) and/or net(s) are design_1_i/xdma_0/inst/design_1_xdma_0_2_pcie2_to_pcie3_wrapper_i/design_1_xdma_0_2_axi_stream_intf_i/design_1_xdma_0_2_rx_demux_i/tgt_brdg_fifo_inst/U0/inst_fifo_gen/gaxis_fifo.gaxisf.axisf/grf.rf/gntv_or_sync_fifo.gl0.rd/gr1.gr1_int.rfwft/aempty_fwft_i,
design_1_i/xdma_0/inst/design_1_xdma_0_2_pcie2_to_pcie3_wrapper_i/design_1_xdma_0_2_axi_stream_intf_i/design_1_xdma_0_2_rx_demux_i/dma_cpl_fifo_inst/U0/inst_fifo_gen/gaxis_fifo.gaxisf.axisf/grf.rf/gntv_or_sync_fifo.gl0.rd/gr1.gr1_int.rfwft/aempty_fwft_i,
design_1_i/xdma_0/inst/design_1_xdma_0_2_pcie2_to_pcie3_wrapper_i/design_1_xdma_0_2_axi_stream_intf_i/design_1_xdma_0_2_rx_demux_i/dma_cpl_fifo_inst/U0/inst_fifo_gen/gaxis_fifo.gaxisf.axisf/grf.rf/gntv_or_sync_fifo.gl0.wr/gwss.wsts/ram_afull_fb,
design_1_i/xdma_0/inst/design_1_xdma_0_2_pcie2_to_pcie3_wrapper_i/design_1_xdma_0_2_axi_stream_intf_i/design_1_xdma_0_2_rx_demux_i/tgt_brdg_fifo_inst/U0/inst_fifo_gen/gaxis_fifo.gaxisf.axisf/grf.rf/gntv_or_sync_fifo.gl0.wr/gwss.wsts/ram_afull_fb,
design_1_i/xdma_0/inst/design_1_xdma_0_2_pcie2_to_pcie3_wrapper_i/design_1_xdma_0_2_axi_stream_intf_i/design_1_xdma_0_2_rx_demux_i/dma_cpl_fifo_inst/U0/inst_fifo_gen/gaxis_fifo.gaxisf.axisf/grf.rf/gntv_or_sync_fifo.gl0.wr/gwss.wsts/ram_afull_i,
design_1_i/xdma_0/inst/design_1_xdma_0_2_pcie2_to_pcie3_wrapper_i/design_1_xdma_0_2_axi_stream_intf_i/design_1_xdma_0_2_rx_demux_i/tgt_brdg_fifo_inst/U0/inst_fifo_gen/gaxis_fifo.gaxisf.axisf/grf.rf/gntv_or_sync_fifo.gl0.wr/gwss.wsts/ram_afull_i,
design_1_i/xdma_0/inst/design_1_xdma_0_2_pcie2_to_pcie3_wrapper_i/design_1_xdma_0_2_axi_stream_intf_i/design_1_xdma_0_2_rx_demux_i/dma_cpl_fifo_inst/U0/inst_fifo_gen/gaxis_fifo.gaxisf.axisf/grf.rf/gntv_or_sync_fifo.gl0.rd/grss.rsts/ram_empty_i,
design_1_i/xdma_0/inst/design_1_xdma_0_2_pcie2_to_pcie3_wrapper_i/design_1_xdma_0_2_axi_stream_intf_i/design_1_xdma_0_2_rx_demux_i/tgt_brdg_fifo_inst/U0/inst_fifo_gen/gaxis_fifo.gaxisf.axisf/grf.rf/gntv_or_sync_fifo.gl0.rd/grss.rsts/ram_empty_i,
design_1_i/xdma_0/inst/design_1_xdma_0_2_pcie2_to_pcie3_wrapper_i/design_1_xdma_0_2_axi_stream_intf_i/design_1_xdma_0_2_rx_demux_i/tgt_brdg_fifo_inst/U0/inst_fifo_gen/gaxis_fifo.gaxisf.axisf/grf.rf/rstblk/rd_rst_reg[1],
design_1_i/xdma_0/inst/design_1_xdma_0_2_pcie2_to_pcie3_wrapper_i/design_1_xdma_0_2_axi_stream_intf_i/design_1_xdma_0_2_rx_demux_i/dma_cpl_fifo_inst/U0/inst_fifo_gen/gaxis_fifo.gaxisf.axisf/grf.rf/rstblk/rd_rst_reg[1],
design_1_i/xdma_0/inst/design_1_xdma_0_2_pcie2_to_pcie3_wrapper_i/pcie2_ip_i/U0/inst/store_ltssm,
design_1_i/xdma_0/inst/design_1_xdma_0_2_pcie2_to_pcie3_wrapper_i/design_1_xdma_0_2_axi_stream_intf_i/design_1_xdma_0_2_rx_demux_i/dma_cpl_fifo_inst/U0/inst_fifo_gen/gaxis_fifo.gaxisf.axisf/grf.rf/gntv_or_sync_fifo.gl0.rd/gr1.gr1_int.rfwft/user_valid,
design_1_i/xdma_0/inst/design_1_xdma_0_2_pcie2_to_pcie3_wrapper_i/design_1_xdma_0_2_axi_stream_intf_i/design_1_xdma_0_2_rx_demux_i/tgt_brdg_fifo_inst/U0/inst_fifo_gen/gaxis_fifo.gaxisf.axisf/grf.rf/gntv_or_sync_fifo.gl0.rd/gr1.gr1_int.rfwft/user_valid,
design_1_i/xdma_0/inst/design_1_xdma_0_2_pcie2_to_pcie3_wrapper_i/design_1_xdma_0_2_axi_stream_intf_i/design_1_xdma_0_2_rx_demux_i/dma_cpl_fifo_inst/U0/inst_fifo_gen/gaxis_fifo.gaxisf.axisf/grf.rf/rstblk/wr_rst_reg[0],
design_1_i/xdma_0/inst/design_1_xdma_0_2_pcie2_to_pcie3_wrapper_i/design_1_xdma_0_2_axi_stream_intf_i/design_1_xdma_0_2_rx_demux_i/tgt_brdg_fifo_inst/U0/inst_fifo_gen/gaxis_fifo.gaxisf.axisf/grf.rf/rstblk/wr_rst_reg[0] (the first 15 of 17 listed).
Related violations: <none>


