Copyright 1986-2020 Xilinx, Inc. All Rights Reserved.
----------------------------------------------------------------------------------------------------------------------------------------------------------------------
| Tool Version     : Vivado v.2020.1 (lin64) Build 2902540 Wed May 27 19:54:35 MDT 2020
| Date             : Thu Sep 24 11:02:35 2026
| Host             : dipen-ubuntu-mate running 64-bit Ubuntu 24.04.3 LTS
| Command          : report_power -file design_1_wrapper_power_routed.rpt -pb design_1_wrapper_power_summary_routed.pb -rpx design_1_wrapper_power_routed.rpx
| Design           : design_1_wrapper
| Device           : xc7k480tffg1156-2
| Design State     : routed
| Grade            : commercial
| Process          : typical
| Characterization : Production
----------------------------------------------------------------------------------------------------------------------------------------------------------------------

Power Report

Table of Contents
-----------------
1. Summary
1.1 On-Chip Components
1.2 Power Supply Summary
1.3 Confidence Level
2. Settings
2.1 Environment
2.2 Clock Constraints
3. Detailed Reports
3.1 By Hierarchy

1. Summary
----------

+--------------------------+--------------+
| Total On-Chip Power (W)  | 6.567        |
| Design Power Budget (W)  | Unspecified* |
| Power Budget Margin (W)  | NA           |
| Dynamic (W)              | 6.277        |
| Device Static (W)        | 0.290        |
| Effective TJA (C/W)      | 1.4          |
| Max Ambient (C)          | 75.7         |
| Junction Temperature (C) | 34.3         |
| Confidence Level         | Low          |
| Setting File             | ---          |
| Simulation Activity File | ---          |
| Design Nets Matched      | NA           |
+--------------------------+--------------+
* Specify Design Power Budget using, set_operating_conditions -design_power_budget <value in Watts>


1.1 On-Chip Components
----------------------

+--------------------------+-----------+----------+-----------+-----------------+
| On-Chip                  | Power (W) | Used     | Available | Utilization (%) |
+--------------------------+-----------+----------+-----------+-----------------+
| Clocks                   |     0.528 |      109 |       --- |             --- |
| Slice Logic              |     0.271 |   147121 |       --- |             --- |
|   LUT as Logic           |     0.220 |    47554 |    298600 |           15.93 |
|   LUT as Distributed RAM |     0.029 |     9844 |    108600 |            9.06 |
|   Register               |     0.015 |    60148 |    597200 |           10.07 |
|   CARRY4                 |     0.007 |     1423 |     74650 |            1.91 |
|   LUT as Shift Register  |    <0.001 |     1308 |    108600 |            1.20 |
|   F7/F8 Muxes            |    <0.001 |      510 |    298600 |            0.17 |
|   BUFG                   |    <0.001 |        1 |        32 |            3.13 |
|   Others                 |     0.000 |     1686 |       --- |             --- |
|   BUFR                   |     0.000 |        1 |       224 |            0.45 |
| Signals                  |     0.392 |   112047 |       --- |             --- |
| Block RAM                |     0.094 |     24.5 |       955 |            2.57 |
| MMCM                     |     0.327 |        3 |         8 |           37.50 |
| PLL                      |     0.208 |        2 |         8 |           25.00 |
| I/O                      |     2.190 |      245 |       400 |           61.25 |
| GTX                      |     1.253 |        4 |        32 |           12.50 |
| PHASER                   |     0.954 |       96 |       --- |             --- |
| XADC                     |     0.004 |        1 |       --- |             --- |
| Hard IPs                 |     0.058 |        1 |       --- |             --- |
|   PCIE                   |     0.058 |        1 |         1 |          100.00 |
| Static Power             |     0.290 |          |           |                 |
| Total                    |     6.567 |          |           |                 |
+--------------------------+-----------+----------+-----------+-----------------+


1.2 Power Supply Summary
------------------------

+-----------+-------------+-----------+-------------+------------+-------------+-------------+------------+
| Source    | Voltage (V) | Total (A) | Dynamic (A) | Static (A) | Powerup (A) | Budget (A)  | Margin (A) |
+-----------+-------------+-----------+-------------+------------+-------------+-------------+------------+
| Vccint    |       1.000 |     1.963 |       1.802 |      0.161 |       NA    | Unspecified | NA         |
| Vccaux    |       1.800 |     1.173 |       1.133 |      0.040 |       NA    | Unspecified | NA         |
| Vcco33    |       3.300 |     0.000 |       0.000 |      0.000 |       NA    | Unspecified | NA         |
| Vcco25    |       2.500 |     0.000 |       0.000 |      0.000 |       NA    | Unspecified | NA         |
| Vcco18    |       1.800 |     0.001 |       0.000 |      0.001 |       NA    | Unspecified | NA         |
| Vcco15    |       1.500 |     0.881 |       0.880 |      0.001 |       NA    | Unspecified | NA         |
| Vcco135   |       1.350 |     0.000 |       0.000 |      0.000 |       NA    | Unspecified | NA         |
| Vcco12    |       1.200 |     0.000 |       0.000 |      0.000 |       NA    | Unspecified | NA         |
| Vccaux_io |       1.800 |     0.000 |       0.000 |      0.000 |       NA    | Unspecified | NA         |
| Vccbram   |       1.000 |     0.010 |       0.005 |      0.005 |       NA    | Unspecified | NA         |
| MGTAVcc   |       1.000 |     0.643 |       0.637 |      0.006 |       NA    | Unspecified | NA         |
| MGTAVtt   |       1.200 |     0.382 |       0.377 |      0.005 |       NA    | Unspecified | NA         |
| MGTVccaux |       1.800 |     0.010 |       0.010 |      0.000 |       NA    | Unspecified | NA         |
| Vccadc    |       1.800 |     0.022 |       0.002 |      0.020 |       NA    | Unspecified | NA         |
+-----------+-------------+-----------+-------------+------------+-------------+-------------+------------+


1.3 Confidence Level
--------------------

+-----------------------------+------------+--------------------------------------------------------+------------------------------------------------------------------------------------------------------------+
| User Input Data             | Confidence | Details                                                | Action                                                                                                     |
+-----------------------------+------------+--------------------------------------------------------+------------------------------------------------------------------------------------------------------------+
| Design implementation state | High       | Design is routed                                       |                                                                                                            |
| Clock nodes activity        | High       | User specified more than 95% of clocks                 |                                                                                                            |
| I/O nodes activity          | Low        | More than 75% of inputs are missing user specification | Provide missing input activity with simulation results or by editing the "By Resource Type -> I/Os" view   |
| Internal nodes activity     | Medium     | User specified less than 25% of internal nodes         | Provide missing internal nodes activity with simulation results or by editing the "By Resource Type" views |
| Device models               | High       | Device models are Production                           |                                                                                                            |
|                             |            |                                                        |                                                                                                            |
| Overall confidence level    | Low        |                                                        |                                                                                                            |
+-----------------------------+------------+--------------------------------------------------------+------------------------------------------------------------------------------------------------------------+


2. Settings
-----------

2.1 Environment
---------------

+-----------------------+--------------------------+
| Ambient Temp (C)      | 25.0                     |
| ThetaJA (C/W)         | 1.4                      |
| Airflow (LFM)         | 250                      |
| Heat Sink             | medium (Medium Profile)  |
| ThetaSA (C/W)         | 2.4                      |
| Board Selection       | medium (10"x10")         |
| # of Board Layers     | 12to15 (12 to 15 Layers) |
| Board Temperature (C) | 25.0                     |
+-----------------------+--------------------------+


2.2 Clock Constraints
---------------------

+--------------------------------------------------------------------------------------------------------------------------------------------------------------+-------------------------------------------------------------------------------------------------------------------------------------------------------------------------------------------------------------------------------+-----------------+
| Clock                                                                                                                                                        | Domain                                                                                                                                                                                                                        | Constraint (ns) |
+--------------------------------------------------------------------------------------------------------------------------------------------------------------+-------------------------------------------------------------------------------------------------------------------------------------------------------------------------------------------------------------------------------+-----------------+
| c0_freq_refclk                                                                                                                                               | design_1_i/mig_7series_0/u_design_1_mig_7series_0_3_mig/c0_u_ddr3_infrastructure/c0_freq_refclk                                                                                                                               |             1.9 |
| c0_mem_refclk                                                                                                                                                | design_1_i/mig_7series_0/u_design_1_mig_7series_0_3_mig/c0_u_ddr3_infrastructure/c0_mem_refclk                                                                                                                                |             1.9 |
| c0_sync_pulse                                                                                                                                                | design_1_i/mig_7series_0/u_design_1_mig_7series_0_3_mig/c0_u_ddr3_infrastructure/c0_sync_pulse                                                                                                                                |            30.0 |
| c0_u_memc_ui_top_axi/mem_intfc0/ddr_phy_top0/u_ddr_mc_phy_wrapper/u_ddr_mc_phy/ddr_phy_4lanes_0.u_ddr_phy_4lanes/ddr_byte_lane_A.ddr_byte_lane_A/iserdes_clk | design_1_i/mig_7series_0/u_design_1_mig_7series_0_3_mig/c0_u_memc_ui_top_axi/mem_intfc0/ddr_phy_top0/u_ddr_mc_phy_wrapper/u_ddr_mc_phy/ddr_phy_4lanes_0.u_ddr_phy_4lanes/ddr_byte_lane_A.ddr_byte_lane_A/A_rst_primitives_reg |             1.9 |
| c0_u_memc_ui_top_axi/mem_intfc0/ddr_phy_top0/u_ddr_mc_phy_wrapper/u_ddr_mc_phy/ddr_phy_4lanes_0.u_ddr_phy_4lanes/ddr_byte_lane_B.ddr_byte_lane_B/iserdes_clk | design_1_i/mig_7series_0/u_design_1_mig_7series_0_3_mig/c0_u_memc_ui_top_axi/mem_intfc0/ddr_phy_top0/u_ddr_mc_phy_wrapper/u_ddr_mc_phy/ddr_phy_4lanes_0.u_ddr_phy_4lanes/ddr_byte_lane_B.ddr_byte_lane_B/A_rst_primitives_reg |             1.9 |
| c0_u_memc_ui_top_axi/mem_intfc0/ddr_phy_top0/u_ddr_mc_phy_wrapper/u_ddr_mc_phy/ddr_phy_4lanes_0.u_ddr_phy_4lanes/ddr_byte_lane_C.ddr_byte_lane_C/iserdes_clk | design_1_i/mig_7series_0/u_design_1_mig_7series_0_3_mig/c0_u_memc_ui_top_axi/mem_intfc0/ddr_phy_top0/u_ddr_mc_phy_wrapper/u_ddr_mc_phy/ddr_phy_4lanes_0.u_ddr_phy_4lanes/ddr_byte_lane_C.ddr_byte_lane_C/A_rst_primitives_reg |             1.9 |
| c0_u_memc_ui_top_axi/mem_intfc0/ddr_phy_top0/u_ddr_mc_phy_wrapper/u_ddr_mc_phy/ddr_phy_4lanes_0.u_ddr_phy_4lanes/ddr_byte_lane_D.ddr_byte_lane_D/iserdes_clk | design_1_i/mig_7series_0/u_design_1_mig_7series_0_3_mig/c0_u_memc_ui_top_axi/mem_intfc0/ddr_phy_top0/u_ddr_mc_phy_wrapper/u_ddr_mc_phy/ddr_phy_4lanes_0.u_ddr_phy_4lanes/ddr_byte_lane_D.ddr_byte_lane_D/A_rst_primitives_reg |             1.9 |
| c0_u_memc_ui_top_axi/mem_intfc0/ddr_phy_top0/u_ddr_mc_phy_wrapper/u_ddr_mc_phy/ddr_phy_4lanes_1.u_ddr_phy_4lanes/ddr_byte_lane_A.ddr_byte_lane_A/iserdes_clk | design_1_i/mig_7series_0/u_design_1_mig_7series_0_3_mig/c0_u_memc_ui_top_axi/mem_intfc0/ddr_phy_top0/u_ddr_mc_phy_wrapper/u_ddr_mc_phy/ddr_phy_4lanes_1.u_ddr_phy_4lanes/ddr_byte_lane_A.ddr_byte_lane_A/A_rst_primitives_reg |             1.9 |
| c0_u_memc_ui_top_axi/mem_intfc0/ddr_phy_top0/u_ddr_mc_phy_wrapper/u_ddr_mc_phy/ddr_phy_4lanes_2.u_ddr_phy_4lanes/ddr_byte_lane_A.ddr_byte_lane_A/iserdes_clk | design_1_i/mig_7series_0/u_design_1_mig_7series_0_3_mig/c0_u_memc_ui_top_axi/mem_intfc0/ddr_phy_top0/u_ddr_mc_phy_wrapper/u_ddr_mc_phy/ddr_phy_4lanes_2.u_ddr_phy_4lanes/ddr_byte_lane_A.ddr_byte_lane_A/A_rst_primitives_reg |             1.9 |
| c0_u_memc_ui_top_axi/mem_intfc0/ddr_phy_top0/u_ddr_mc_phy_wrapper/u_ddr_mc_phy/ddr_phy_4lanes_2.u_ddr_phy_4lanes/ddr_byte_lane_B.ddr_byte_lane_B/iserdes_clk | design_1_i/mig_7series_0/u_design_1_mig_7series_0_3_mig/c0_u_memc_ui_top_axi/mem_intfc0/ddr_phy_top0/u_ddr_mc_phy_wrapper/u_ddr_mc_phy/ddr_phy_4lanes_2.u_ddr_phy_4lanes/ddr_byte_lane_B.ddr_byte_lane_B/A_rst_primitives_reg |             1.9 |
| c0_u_memc_ui_top_axi/mem_intfc0/ddr_phy_top0/u_ddr_mc_phy_wrapper/u_ddr_mc_phy/ddr_phy_4lanes_2.u_ddr_phy_4lanes/ddr_byte_lane_C.ddr_byte_lane_C/iserdes_clk | design_1_i/mig_7series_0/u_design_1_mig_7series_0_3_mig/c0_u_memc_ui_top_axi/mem_intfc0/ddr_phy_top0/u_ddr_mc_phy_wrapper/u_ddr_mc_phy/ddr_phy_4lanes_2.u_ddr_phy_4lanes/ddr_byte_lane_C.ddr_byte_lane_C/A_rst_primitives_reg |             1.9 |
| c0_u_memc_ui_top_axi/mem_intfc0/ddr_phy_top0/u_ddr_mc_phy_wrapper/u_ddr_mc_phy/ddr_phy_4lanes_2.u_ddr_phy_4lanes/ddr_byte_lane_D.ddr_byte_lane_D/iserdes_clk | design_1_i/mig_7series_0/u_design_1_mig_7series_0_3_mig/c0_u_memc_ui_top_axi/mem_intfc0/ddr_phy_top0/u_ddr_mc_phy_wrapper/u_ddr_mc_phy/ddr_phy_4lanes_2.u_ddr_phy_4lanes/ddr_byte_lane_D.ddr_byte_lane_D/A_rst_primitives_reg |             1.9 |
| c1_freq_refclk                                                                                                                                               | design_1_i/mig_7series_0/u_design_1_mig_7series_0_3_mig/c1_u_ddr3_infrastructure/c1_freq_refclk                                                                                                                               |             1.9 |
| c1_mem_refclk                                                                                                                                                | design_1_i/mig_7series_0/u_design_1_mig_7series_0_3_mig/c1_u_ddr3_infrastructure/c1_mem_refclk                                                                                                                                |             1.9 |
| c1_sync_pulse                                                                                                                                                | design_1_i/mig_7series_0/u_design_1_mig_7series_0_3_mig/c1_u_ddr3_infrastructure/c1_sync_pulse                                                                                                                                |            30.0 |
| c1_u_memc_ui_top_axi/mem_intfc0/ddr_phy_top0/u_ddr_mc_phy_wrapper/u_ddr_mc_phy/ddr_phy_4lanes_0.u_ddr_phy_4lanes/ddr_byte_lane_A.ddr_byte_lane_A/iserdes_clk | design_1_i/mig_7series_0/u_design_1_mig_7series_0_3_mig/c1_u_memc_ui_top_axi/mem_intfc0/ddr_phy_top0/u_ddr_mc_phy_wrapper/u_ddr_mc_phy/ddr_phy_4lanes_0.u_ddr_phy_4lanes/ddr_byte_lane_A.ddr_byte_lane_A/A_rst_primitives_reg |             1.9 |
| c1_u_memc_ui_top_axi/mem_intfc0/ddr_phy_top0/u_ddr_mc_phy_wrapper/u_ddr_mc_phy/ddr_phy_4lanes_0.u_ddr_phy_4lanes/ddr_byte_lane_B.ddr_byte_lane_B/iserdes_clk | design_1_i/mig_7series_0/u_design_1_mig_7series_0_3_mig/c1_u_memc_ui_top_axi/mem_intfc0/ddr_phy_top0/u_ddr_mc_phy_wrapper/u_ddr_mc_phy/ddr_phy_4lanes_0.u_ddr_phy_4lanes/ddr_byte_lane_B.ddr_byte_lane_B/A_rst_primitives_reg |             1.9 |
| c1_u_memc_ui_top_axi/mem_intfc0/ddr_phy_top0/u_ddr_mc_phy_wrapper/u_ddr_mc_phy/ddr_phy_4lanes_0.u_ddr_phy_4lanes/ddr_byte_lane_C.ddr_byte_lane_C/iserdes_clk | design_1_i/mig_7series_0/u_design_1_mig_7series_0_3_mig/c1_u_memc_ui_top_axi/mem_intfc0/ddr_phy_top0/u_ddr_mc_phy_wrapper/u_ddr_mc_phy/ddr_phy_4lanes_0.u_ddr_phy_4lanes/ddr_byte_lane_C.ddr_byte_lane_C/A_rst_primitives_reg |             1.9 |
| c1_u_memc_ui_top_axi/mem_intfc0/ddr_phy_top0/u_ddr_mc_phy_wrapper/u_ddr_mc_phy/ddr_phy_4lanes_0.u_ddr_phy_4lanes/ddr_byte_lane_D.ddr_byte_lane_D/iserdes_clk | design_1_i/mig_7series_0/u_design_1_mig_7series_0_3_mig/c1_u_memc_ui_top_axi/mem_intfc0/ddr_phy_top0/u_ddr_mc_phy_wrapper/u_ddr_mc_phy/ddr_phy_4lanes_0.u_ddr_phy_4lanes/ddr_byte_lane_D.ddr_byte_lane_D/A_rst_primitives_reg |             1.9 |
| c1_u_memc_ui_top_axi/mem_intfc0/ddr_phy_top0/u_ddr_mc_phy_wrapper/u_ddr_mc_phy/ddr_phy_4lanes_1.u_ddr_phy_4lanes/ddr_byte_lane_A.ddr_byte_lane_A/iserdes_clk | design_1_i/mig_7series_0/u_design_1_mig_7series_0_3_mig/c1_u_memc_ui_top_axi/mem_intfc0/ddr_phy_top0/u_ddr_mc_phy_wrapper/u_ddr_mc_phy/ddr_phy_4lanes_1.u_ddr_phy_4lanes/ddr_byte_lane_A.ddr_byte_lane_A/A_rst_primitives_reg |             1.9 |
| c1_u_memc_ui_top_axi/mem_intfc0/ddr_phy_top0/u_ddr_mc_phy_wrapper/u_ddr_mc_phy/ddr_phy_4lanes_2.u_ddr_phy_4lanes/ddr_byte_lane_A.ddr_byte_lane_A/iserdes_clk | design_1_i/mig_7series_0/u_design_1_mig_7series_0_3_mig/c1_u_memc_ui_top_axi/mem_intfc0/ddr_phy_top0/u_ddr_mc_phy_wrapper/u_ddr_mc_phy/ddr_phy_4lanes_2.u_ddr_phy_4lanes/ddr_byte_lane_A.ddr_byte_lane_A/A_rst_primitives_reg |             1.9 |
| c1_u_memc_ui_top_axi/mem_intfc0/ddr_phy_top0/u_ddr_mc_phy_wrapper/u_ddr_mc_phy/ddr_phy_4lanes_2.u_ddr_phy_4lanes/ddr_byte_lane_B.ddr_byte_lane_B/iserdes_clk | design_1_i/mig_7series_0/u_design_1_mig_7series_0_3_mig/c1_u_memc_ui_top_axi/mem_intfc0/ddr_phy_top0/u_ddr_mc_phy_wrapper/u_ddr_mc_phy/ddr_phy_4lanes_2.u_ddr_phy_4lanes/ddr_byte_lane_B.ddr_byte_lane_B/A_rst_primitives_reg |             1.9 |
| c1_u_memc_ui_top_axi/mem_intfc0/ddr_phy_top0/u_ddr_mc_phy_wrapper/u_ddr_mc_phy/ddr_phy_4lanes_2.u_ddr_phy_4lanes/ddr_byte_lane_C.ddr_byte_lane_C/iserdes_clk | design_1_i/mig_7series_0/u_design_1_mig_7series_0_3_mig/c1_u_memc_ui_top_axi/mem_intfc0/ddr_phy_top0/u_ddr_mc_phy_wrapper/u_ddr_mc_phy/ddr_phy_4lanes_2.u_ddr_phy_4lanes/ddr_byte_lane_C.ddr_byte_lane_C/A_rst_primitives_reg |             1.9 |
| c1_u_memc_ui_top_axi/mem_intfc0/ddr_phy_top0/u_ddr_mc_phy_wrapper/u_ddr_mc_phy/ddr_phy_4lanes_2.u_ddr_phy_4lanes/ddr_byte_lane_D.ddr_byte_lane_D/iserdes_clk | design_1_i/mig_7series_0/u_design_1_mig_7series_0_3_mig/c1_u_memc_ui_top_axi/mem_intfc0/ddr_phy_top0/u_ddr_mc_phy_wrapper/u_ddr_mc_phy/ddr_phy_4lanes_2.u_ddr_phy_4lanes/ddr_byte_lane_D.ddr_byte_lane_D/A_rst_primitives_reg |             1.9 |
| clk_125mhz_mux_x0y0                                                                                                                                          | design_1_i/xdma_0/inst/design_1_xdma_0_2_pcie2_to_pcie3_wrapper_i/pcie2_ip_i/U0/inst/gt_top_i/pipe_wrapper_i/pipe_clock_int.pipe_clock_i/pclk_sel_reg_0                                                                       |             4.0 |
| clk_125mhz_x0y0                                                                                                                                              | design_1_i/xdma_0/inst/design_1_xdma_0_2_pcie2_to_pcie3_wrapper_i/pcie2_ip_i/U0/inst/gt_top_i/pipe_wrapper_i/pipe_clock_int.pipe_clock_i/clk_125mhz                                                                           |             8.0 |
| clk_250mhz_mux_x0y0                                                                                                                                          | design_1_i/xdma_0/inst/design_1_xdma_0_2_pcie2_to_pcie3_wrapper_i/pcie2_ip_i/U0/inst/gt_top_i/pipe_wrapper_i/pipe_clock_int.pipe_clock_i/pclk_sel_reg_0                                                                       |             4.0 |
| clk_250mhz_x0y0                                                                                                                                              | design_1_i/xdma_0/inst/design_1_xdma_0_2_pcie2_to_pcie3_wrapper_i/pcie2_ip_i/U0/inst/gt_top_i/pipe_wrapper_i/pipe_clock_int.pipe_clock_i/clk_250mhz                                                                           |             4.0 |
| clk_pll_i                                                                                                                                                    | design_1_i/mig_7series_0/u_design_1_mig_7series_0_3_mig/c0_u_ddr3_infrastructure/clk_pll_i                                                                                                                                    |             7.5 |
| clk_pll_i_1                                                                                                                                                  | design_1_i/mig_7series_0/u_design_1_mig_7series_0_3_mig/c1_u_ddr3_infrastructure/clk_pll_i                                                                                                                                    |             7.5 |
| iserdes_clkdiv                                                                                                                                               | design_1_i/mig_7series_0/u_design_1_mig_7series_0_3_mig/c0_u_memc_ui_top_axi/mem_intfc0/ddr_phy_top0/u_ddr_mc_phy_wrapper/u_ddr_mc_phy/ddr_phy_4lanes_0.u_ddr_phy_4lanes/ddr_byte_lane_A.ddr_byte_lane_A/iserdes_clkdiv       |             3.7 |
| iserdes_clkdiv_1                                                                                                                                             | design_1_i/mig_7series_0/u_design_1_mig_7series_0_3_mig/c0_u_memc_ui_top_axi/mem_intfc0/ddr_phy_top0/u_ddr_mc_phy_wrapper/u_ddr_mc_phy/ddr_phy_4lanes_0.u_ddr_phy_4lanes/ddr_byte_lane_B.ddr_byte_lane_B/iserdes_clkdiv       |             3.7 |
| iserdes_clkdiv_10                                                                                                                                            | design_1_i/mig_7series_0/u_design_1_mig_7series_0_3_mig/c1_u_memc_ui_top_axi/mem_intfc0/ddr_phy_top0/u_ddr_mc_phy_wrapper/u_ddr_mc_phy/ddr_phy_4lanes_0.u_ddr_phy_4lanes/ddr_byte_lane_B.ddr_byte_lane_B/iserdes_clkdiv       |             3.7 |
| iserdes_clkdiv_11                                                                                                                                            | design_1_i/mig_7series_0/u_design_1_mig_7series_0_3_mig/c1_u_memc_ui_top_axi/mem_intfc0/ddr_phy_top0/u_ddr_mc_phy_wrapper/u_ddr_mc_phy/ddr_phy_4lanes_0.u_ddr_phy_4lanes/ddr_byte_lane_C.ddr_byte_lane_C/iserdes_clkdiv       |             3.7 |
| iserdes_clkdiv_12                                                                                                                                            | design_1_i/mig_7series_0/u_design_1_mig_7series_0_3_mig/c1_u_memc_ui_top_axi/mem_intfc0/ddr_phy_top0/u_ddr_mc_phy_wrapper/u_ddr_mc_phy/ddr_phy_4lanes_0.u_ddr_phy_4lanes/ddr_byte_lane_D.ddr_byte_lane_D/iserdes_clkdiv       |             3.7 |
| iserdes_clkdiv_13                                                                                                                                            | design_1_i/mig_7series_0/u_design_1_mig_7series_0_3_mig/c1_u_memc_ui_top_axi/mem_intfc0/ddr_phy_top0/u_ddr_mc_phy_wrapper/u_ddr_mc_phy/ddr_phy_4lanes_1.u_ddr_phy_4lanes/ddr_byte_lane_A.ddr_byte_lane_A/iserdes_clkdiv       |             3.7 |
| iserdes_clkdiv_14                                                                                                                                            | design_1_i/mig_7series_0/u_design_1_mig_7series_0_3_mig/c1_u_memc_ui_top_axi/mem_intfc0/ddr_phy_top0/u_ddr_mc_phy_wrapper/u_ddr_mc_phy/ddr_phy_4lanes_2.u_ddr_phy_4lanes/ddr_byte_lane_A.ddr_byte_lane_A/iserdes_clkdiv       |             3.7 |
| iserdes_clkdiv_15                                                                                                                                            | design_1_i/mig_7series_0/u_design_1_mig_7series_0_3_mig/c1_u_memc_ui_top_axi/mem_intfc0/ddr_phy_top0/u_ddr_mc_phy_wrapper/u_ddr_mc_phy/ddr_phy_4lanes_2.u_ddr_phy_4lanes/ddr_byte_lane_B.ddr_byte_lane_B/iserdes_clkdiv       |             3.7 |
| iserdes_clkdiv_16                                                                                                                                            | design_1_i/mig_7series_0/u_design_1_mig_7series_0_3_mig/c1_u_memc_ui_top_axi/mem_intfc0/ddr_phy_top0/u_ddr_mc_phy_wrapper/u_ddr_mc_phy/ddr_phy_4lanes_2.u_ddr_phy_4lanes/ddr_byte_lane_C.ddr_byte_lane_C/iserdes_clkdiv       |             3.7 |
| iserdes_clkdiv_17                                                                                                                                            | design_1_i/mig_7series_0/u_design_1_mig_7series_0_3_mig/c1_u_memc_ui_top_axi/mem_intfc0/ddr_phy_top0/u_ddr_mc_phy_wrapper/u_ddr_mc_phy/ddr_phy_4lanes_2.u_ddr_phy_4lanes/ddr_byte_lane_D.ddr_byte_lane_D/iserdes_clkdiv       |             3.7 |
| iserdes_clkdiv_2                                                                                                                                             | design_1_i/mig_7series_0/u_design_1_mig_7series_0_3_mig/c0_u_memc_ui_top_axi/mem_intfc0/ddr_phy_top0/u_ddr_mc_phy_wrapper/u_ddr_mc_phy/ddr_phy_4lanes_0.u_ddr_phy_4lanes/ddr_byte_lane_C.ddr_byte_lane_C/iserdes_clkdiv       |             3.7 |
| iserdes_clkdiv_3                                                                                                                                             | design_1_i/mig_7series_0/u_design_1_mig_7series_0_3_mig/c0_u_memc_ui_top_axi/mem_intfc0/ddr_phy_top0/u_ddr_mc_phy_wrapper/u_ddr_mc_phy/ddr_phy_4lanes_0.u_ddr_phy_4lanes/ddr_byte_lane_D.ddr_byte_lane_D/iserdes_clkdiv       |             3.7 |
| iserdes_clkdiv_4                                                                                                                                             | design_1_i/mig_7series_0/u_design_1_mig_7series_0_3_mig/c0_u_memc_ui_top_axi/mem_intfc0/ddr_phy_top0/u_ddr_mc_phy_wrapper/u_ddr_mc_phy/ddr_phy_4lanes_1.u_ddr_phy_4lanes/ddr_byte_lane_A.ddr_byte_lane_A/iserdes_clkdiv       |             3.7 |
| iserdes_clkdiv_5                                                                                                                                             | design_1_i/mig_7series_0/u_design_1_mig_7series_0_3_mig/c0_u_memc_ui_top_axi/mem_intfc0/ddr_phy_top0/u_ddr_mc_phy_wrapper/u_ddr_mc_phy/ddr_phy_4lanes_2.u_ddr_phy_4lanes/ddr_byte_lane_A.ddr_byte_lane_A/iserdes_clkdiv       |             3.7 |
| iserdes_clkdiv_6                                                                                                                                             | design_1_i/mig_7series_0/u_design_1_mig_7series_0_3_mig/c0_u_memc_ui_top_axi/mem_intfc0/ddr_phy_top0/u_ddr_mc_phy_wrapper/u_ddr_mc_phy/ddr_phy_4lanes_2.u_ddr_phy_4lanes/ddr_byte_lane_B.ddr_byte_lane_B/iserdes_clkdiv       |             3.7 |
| iserdes_clkdiv_7                                                                                                                                             | design_1_i/mig_7series_0/u_design_1_mig_7series_0_3_mig/c0_u_memc_ui_top_axi/mem_intfc0/ddr_phy_top0/u_ddr_mc_phy_wrapper/u_ddr_mc_phy/ddr_phy_4lanes_2.u_ddr_phy_4lanes/ddr_byte_lane_C.ddr_byte_lane_C/iserdes_clkdiv       |             3.7 |
| iserdes_clkdiv_8                                                                                                                                             | design_1_i/mig_7series_0/u_design_1_mig_7series_0_3_mig/c0_u_memc_ui_top_axi/mem_intfc0/ddr_phy_top0/u_ddr_mc_phy_wrapper/u_ddr_mc_phy/ddr_phy_4lanes_2.u_ddr_phy_4lanes/ddr_byte_lane_D.ddr_byte_lane_D/iserdes_clkdiv       |             3.7 |
| iserdes_clkdiv_9                                                                                                                                             | design_1_i/mig_7series_0/u_design_1_mig_7series_0_3_mig/c1_u_memc_ui_top_axi/mem_intfc0/ddr_phy_top0/u_ddr_mc_phy_wrapper/u_ddr_mc_phy/ddr_phy_4lanes_0.u_ddr_phy_4lanes/ddr_byte_lane_A.ddr_byte_lane_A/iserdes_clkdiv       |             3.7 |
| mmcm_fb                                                                                                                                                      | design_1_i/xdma_0/inst/design_1_xdma_0_2_pcie2_to_pcie3_wrapper_i/pcie2_ip_i/U0/inst/gt_top_i/pipe_wrapper_i/pipe_clock_int.pipe_clock_i/mmcm_fb                                                                              |            10.0 |
| mmcm_ps_clk_bufg_in                                                                                                                                          | design_1_i/mig_7series_0/u_design_1_mig_7series_0_3_mig/c0_u_ddr3_infrastructure/mmcm_ps_clk_bufg_in                                                                                                                          |            15.0 |
| mmcm_ps_clk_bufg_in_1                                                                                                                                        | design_1_i/mig_7series_0/u_design_1_mig_7series_0_3_mig/c1_u_ddr3_infrastructure/mmcm_ps_clk_bufg_in                                                                                                                          |            15.0 |
| oserdes_clk                                                                                                                                                  | design_1_i/mig_7series_0/u_design_1_mig_7series_0_3_mig/c0_u_memc_ui_top_axi/mem_intfc0/ddr_phy_top0/u_ddr_mc_phy_wrapper/u_ddr_mc_phy/ddr_phy_4lanes_0.u_ddr_phy_4lanes/ddr_byte_lane_A.ddr_byte_lane_A/oserdes_clk          |             1.9 |
| oserdes_clk_1                                                                                                                                                | design_1_i/mig_7series_0/u_design_1_mig_7series_0_3_mig/c0_u_memc_ui_top_axi/mem_intfc0/ddr_phy_top0/u_ddr_mc_phy_wrapper/u_ddr_mc_phy/ddr_phy_4lanes_0.u_ddr_phy_4lanes/ddr_byte_lane_B.ddr_byte_lane_B/oserdes_clk          |             1.9 |
| oserdes_clk_10                                                                                                                                               | design_1_i/mig_7series_0/u_design_1_mig_7series_0_3_mig/c0_u_memc_ui_top_axi/mem_intfc0/ddr_phy_top0/u_ddr_mc_phy_wrapper/u_ddr_mc_phy/ddr_phy_4lanes_2.u_ddr_phy_4lanes/ddr_byte_lane_C.ddr_byte_lane_C/oserdes_clk          |             1.9 |
| oserdes_clk_11                                                                                                                                               | design_1_i/mig_7series_0/u_design_1_mig_7series_0_3_mig/c0_u_memc_ui_top_axi/mem_intfc0/ddr_phy_top0/u_ddr_mc_phy_wrapper/u_ddr_mc_phy/ddr_phy_4lanes_2.u_ddr_phy_4lanes/ddr_byte_lane_D.ddr_byte_lane_D/oserdes_clk          |             1.9 |
| oserdes_clk_12                                                                                                                                               | design_1_i/mig_7series_0/u_design_1_mig_7series_0_3_mig/c1_u_memc_ui_top_axi/mem_intfc0/ddr_phy_top0/u_ddr_mc_phy_wrapper/u_ddr_mc_phy/ddr_phy_4lanes_0.u_ddr_phy_4lanes/ddr_byte_lane_A.ddr_byte_lane_A/oserdes_clk          |             1.9 |
| oserdes_clk_13                                                                                                                                               | design_1_i/mig_7series_0/u_design_1_mig_7series_0_3_mig/c1_u_memc_ui_top_axi/mem_intfc0/ddr_phy_top0/u_ddr_mc_phy_wrapper/u_ddr_mc_phy/ddr_phy_4lanes_0.u_ddr_phy_4lanes/ddr_byte_lane_B.ddr_byte_lane_B/oserdes_clk          |             1.9 |
| oserdes_clk_14                                                                                                                                               | design_1_i/mig_7series_0/u_design_1_mig_7series_0_3_mig/c1_u_memc_ui_top_axi/mem_intfc0/ddr_phy_top0/u_ddr_mc_phy_wrapper/u_ddr_mc_phy/ddr_phy_4lanes_0.u_ddr_phy_4lanes/ddr_byte_lane_C.ddr_byte_lane_C/oserdes_clk          |             1.9 |
| oserdes_clk_15                                                                                                                                               | design_1_i/mig_7series_0/u_design_1_mig_7series_0_3_mig/c1_u_memc_ui_top_axi/mem_intfc0/ddr_phy_top0/u_ddr_mc_phy_wrapper/u_ddr_mc_phy/ddr_phy_4lanes_0.u_ddr_phy_4lanes/ddr_byte_lane_D.ddr_byte_lane_D/oserdes_clk          |             1.9 |
| oserdes_clk_16                                                                                                                                               | design_1_i/mig_7series_0/u_design_1_mig_7series_0_3_mig/c1_u_memc_ui_top_axi/mem_intfc0/ddr_phy_top0/u_ddr_mc_phy_wrapper/u_ddr_mc_phy/ddr_phy_4lanes_1.u_ddr_phy_4lanes/ddr_byte_lane_A.ddr_byte_lane_A/oserdes_clk          |             1.9 |
| oserdes_clk_17                                                                                                                                               | design_1_i/mig_7series_0/u_design_1_mig_7series_0_3_mig/c1_u_memc_ui_top_axi/mem_intfc0/ddr_phy_top0/u_ddr_mc_phy_wrapper/u_ddr_mc_phy/ddr_phy_4lanes_1.u_ddr_phy_4lanes/ddr_byte_lane_B.ddr_byte_lane_B/oserdes_clk          |             1.9 |
| oserdes_clk_18                                                                                                                                               | design_1_i/mig_7series_0/u_design_1_mig_7series_0_3_mig/c1_u_memc_ui_top_axi/mem_intfc0/ddr_phy_top0/u_ddr_mc_phy_wrapper/u_ddr_mc_phy/ddr_phy_4lanes_1.u_ddr_phy_4lanes/ddr_byte_lane_C.ddr_byte_lane_C/oserdes_clk          |             1.9 |
| oserdes_clk_19                                                                                                                                               | design_1_i/mig_7series_0/u_design_1_mig_7series_0_3_mig/c1_u_memc_ui_top_axi/mem_intfc0/ddr_phy_top0/u_ddr_mc_phy_wrapper/u_ddr_mc_phy/ddr_phy_4lanes_1.u_ddr_phy_4lanes/ddr_byte_lane_D.ddr_byte_lane_D/oserdes_clk          |             1.9 |
| oserdes_clk_2                                                                                                                                                | design_1_i/mig_7series_0/u_design_1_mig_7series_0_3_mig/c0_u_memc_ui_top_axi/mem_intfc0/ddr_phy_top0/u_ddr_mc_phy_wrapper/u_ddr_mc_phy/ddr_phy_4lanes_0.u_ddr_phy_4lanes/ddr_byte_lane_C.ddr_byte_lane_C/oserdes_clk          |             1.9 |
| oserdes_clk_20                                                                                                                                               | design_1_i/mig_7series_0/u_design_1_mig_7series_0_3_mig/c1_u_memc_ui_top_axi/mem_intfc0/ddr_phy_top0/u_ddr_mc_phy_wrapper/u_ddr_mc_phy/ddr_phy_4lanes_2.u_ddr_phy_4lanes/ddr_byte_lane_A.ddr_byte_lane_A/oserdes_clk          |             1.9 |
| oserdes_clk_21                                                                                                                                               | design_1_i/mig_7series_0/u_design_1_mig_7series_0_3_mig/c1_u_memc_ui_top_axi/mem_intfc0/ddr_phy_top0/u_ddr_mc_phy_wrapper/u_ddr_mc_phy/ddr_phy_4lanes_2.u_ddr_phy_4lanes/ddr_byte_lane_B.ddr_byte_lane_B/oserdes_clk          |             1.9 |
| oserdes_clk_22                                                                                                                                               | design_1_i/mig_7series_0/u_design_1_mig_7series_0_3_mig/c1_u_memc_ui_top_axi/mem_intfc0/ddr_phy_top0/u_ddr_mc_phy_wrapper/u_ddr_mc_phy/ddr_phy_4lanes_2.u_ddr_phy_4lanes/ddr_byte_lane_C.ddr_byte_lane_C/oserdes_clk          |             1.9 |
| oserdes_clk_23                                                                                                                                               | design_1_i/mig_7series_0/u_design_1_mig_7series_0_3_mig/c1_u_memc_ui_top_axi/mem_intfc0/ddr_phy_top0/u_ddr_mc_phy_wrapper/u_ddr_mc_phy/ddr_phy_4lanes_2.u_ddr_phy_4lanes/ddr_byte_lane_D.ddr_byte_lane_D/oserdes_clk          |             1.9 |
| oserdes_clk_3                                                                                                                                                | design_1_i/mig_7series_0/u_design_1_mig_7series_0_3_mig/c0_u_memc_ui_top_axi/mem_intfc0/ddr_phy_top0/u_ddr_mc_phy_wrapper/u_ddr_mc_phy/ddr_phy_4lanes_0.u_ddr_phy_4lanes/ddr_byte_lane_D.ddr_byte_lane_D/oserdes_clk          |             1.9 |
| oserdes_clk_4                                                                                                                                                | design_1_i/mig_7series_0/u_design_1_mig_7series_0_3_mig/c0_u_memc_ui_top_axi/mem_intfc0/ddr_phy_top0/u_ddr_mc_phy_wrapper/u_ddr_mc_phy/ddr_phy_4lanes_1.u_ddr_phy_4lanes/ddr_byte_lane_A.ddr_byte_lane_A/oserdes_clk          |             1.9 |
| oserdes_clk_5                                                                                                                                                | design_1_i/mig_7series_0/u_design_1_mig_7series_0_3_mig/c0_u_memc_ui_top_axi/mem_intfc0/ddr_phy_top0/u_ddr_mc_phy_wrapper/u_ddr_mc_phy/ddr_phy_4lanes_1.u_ddr_phy_4lanes/ddr_byte_lane_B.ddr_byte_lane_B/oserdes_clk          |             1.9 |
| oserdes_clk_6                                                                                                                                                | design_1_i/mig_7series_0/u_design_1_mig_7series_0_3_mig/c0_u_memc_ui_top_axi/mem_intfc0/ddr_phy_top0/u_ddr_mc_phy_wrapper/u_ddr_mc_phy/ddr_phy_4lanes_1.u_ddr_phy_4lanes/ddr_byte_lane_C.ddr_byte_lane_C/oserdes_clk          |             1.9 |
| oserdes_clk_7                                                                                                                                                | design_1_i/mig_7series_0/u_design_1_mig_7series_0_3_mig/c0_u_memc_ui_top_axi/mem_intfc0/ddr_phy_top0/u_ddr_mc_phy_wrapper/u_ddr_mc_phy/ddr_phy_4lanes_1.u_ddr_phy_4lanes/ddr_byte_lane_D.ddr_byte_lane_D/oserdes_clk          |             1.9 |
| oserdes_clk_8                                                                                                                                                | design_1_i/mig_7series_0/u_design_1_mig_7series_0_3_mig/c0_u_memc_ui_top_axi/mem_intfc0/ddr_phy_top0/u_ddr_mc_phy_wrapper/u_ddr_mc_phy/ddr_phy_4lanes_2.u_ddr_phy_4lanes/ddr_byte_lane_A.ddr_byte_lane_A/oserdes_clk          |             1.9 |
| oserdes_clk_9                                                                                                                                                | design_1_i/mig_7series_0/u_design_1_mig_7series_0_3_mig/c0_u_memc_ui_top_axi/mem_intfc0/ddr_phy_top0/u_ddr_mc_phy_wrapper/u_ddr_mc_phy/ddr_phy_4lanes_2.u_ddr_phy_4lanes/ddr_byte_lane_B.ddr_byte_lane_B/oserdes_clk          |             1.9 |
| oserdes_clkdiv                                                                                                                                               | design_1_i/mig_7series_0/u_design_1_mig_7series_0_3_mig/c0_u_memc_ui_top_axi/mem_intfc0/ddr_phy_top0/u_ddr_mc_phy_wrapper/u_ddr_mc_phy/ddr_phy_4lanes_0.u_ddr_phy_4lanes/ddr_byte_lane_A.ddr_byte_lane_A/oserdes_clkdiv       |             3.7 |
| oserdes_clkdiv_1                                                                                                                                             | design_1_i/mig_7series_0/u_design_1_mig_7series_0_3_mig/c0_u_memc_ui_top_axi/mem_intfc0/ddr_phy_top0/u_ddr_mc_phy_wrapper/u_ddr_mc_phy/ddr_phy_4lanes_0.u_ddr_phy_4lanes/ddr_byte_lane_B.ddr_byte_lane_B/oserdes_clkdiv       |             3.7 |
| oserdes_clkdiv_10                                                                                                                                            | design_1_i/mig_7series_0/u_design_1_mig_7series_0_3_mig/c0_u_memc_ui_top_axi/mem_intfc0/ddr_phy_top0/u_ddr_mc_phy_wrapper/u_ddr_mc_phy/ddr_phy_4lanes_2.u_ddr_phy_4lanes/ddr_byte_lane_C.ddr_byte_lane_C/oserdes_clkdiv       |             3.7 |
| oserdes_clkdiv_11                                                                                                                                            | design_1_i/mig_7series_0/u_design_1_mig_7series_0_3_mig/c0_u_memc_ui_top_axi/mem_intfc0/ddr_phy_top0/u_ddr_mc_phy_wrapper/u_ddr_mc_phy/ddr_phy_4lanes_2.u_ddr_phy_4lanes/ddr_byte_lane_D.ddr_byte_lane_D/oserdes_clkdiv       |             3.7 |
| oserdes_clkdiv_12                                                                                                                                            | design_1_i/mig_7series_0/u_design_1_mig_7series_0_3_mig/c1_u_memc_ui_top_axi/mem_intfc0/ddr_phy_top0/u_ddr_mc_phy_wrapper/u_ddr_mc_phy/ddr_phy_4lanes_0.u_ddr_phy_4lanes/ddr_byte_lane_A.ddr_byte_lane_A/oserdes_clkdiv       |             3.7 |
| oserdes_clkdiv_13                                                                                                                                            | design_1_i/mig_7series_0/u_design_1_mig_7series_0_3_mig/c1_u_memc_ui_top_axi/mem_intfc0/ddr_phy_top0/u_ddr_mc_phy_wrapper/u_ddr_mc_phy/ddr_phy_4lanes_0.u_ddr_phy_4lanes/ddr_byte_lane_B.ddr_byte_lane_B/oserdes_clkdiv       |             3.7 |
| oserdes_clkdiv_14                                                                                                                                            | design_1_i/mig_7series_0/u_design_1_mig_7series_0_3_mig/c1_u_memc_ui_top_axi/mem_intfc0/ddr_phy_top0/u_ddr_mc_phy_wrapper/u_ddr_mc_phy/ddr_phy_4lanes_0.u_ddr_phy_4lanes/ddr_byte_lane_C.ddr_byte_lane_C/oserdes_clkdiv       |             3.7 |
| oserdes_clkdiv_15                                                                                                                                            | design_1_i/mig_7series_0/u_design_1_mig_7series_0_3_mig/c1_u_memc_ui_top_axi/mem_intfc0/ddr_phy_top0/u_ddr_mc_phy_wrapper/u_ddr_mc_phy/ddr_phy_4lanes_0.u_ddr_phy_4lanes/ddr_byte_lane_D.ddr_byte_lane_D/oserdes_clkdiv       |             3.7 |
| oserdes_clkdiv_16                                                                                                                                            | design_1_i/mig_7series_0/u_design_1_mig_7series_0_3_mig/c1_u_memc_ui_top_axi/mem_intfc0/ddr_phy_top0/u_ddr_mc_phy_wrapper/u_ddr_mc_phy/ddr_phy_4lanes_1.u_ddr_phy_4lanes/ddr_byte_lane_A.ddr_byte_lane_A/oserdes_clkdiv       |             3.7 |
| oserdes_clkdiv_17                                                                                                                                            | design_1_i/mig_7series_0/u_design_1_mig_7series_0_3_mig/c1_u_memc_ui_top_axi/mem_intfc0/ddr_phy_top0/u_ddr_mc_phy_wrapper/u_ddr_mc_phy/ddr_phy_4lanes_1.u_ddr_phy_4lanes/ddr_byte_lane_B.ddr_byte_lane_B/oserdes_clkdiv       |             7.5 |
| oserdes_clkdiv_18                                                                                                                                            | design_1_i/mig_7series_0/u_design_1_mig_7series_0_3_mig/c1_u_memc_ui_top_axi/mem_intfc0/ddr_phy_top0/u_ddr_mc_phy_wrapper/u_ddr_mc_phy/ddr_phy_4lanes_1.u_ddr_phy_4lanes/ddr_byte_lane_C.ddr_byte_lane_C/oserdes_clkdiv       |             7.5 |
| oserdes_clkdiv_19                                                                                                                                            | design_1_i/mig_7series_0/u_design_1_mig_7series_0_3_mig/c1_u_memc_ui_top_axi/mem_intfc0/ddr_phy_top0/u_ddr_mc_phy_wrapper/u_ddr_mc_phy/ddr_phy_4lanes_1.u_ddr_phy_4lanes/ddr_byte_lane_D.ddr_byte_lane_D/oserdes_clkdiv       |             7.5 |
| oserdes_clkdiv_2                                                                                                                                             | design_1_i/mig_7series_0/u_design_1_mig_7series_0_3_mig/c0_u_memc_ui_top_axi/mem_intfc0/ddr_phy_top0/u_ddr_mc_phy_wrapper/u_ddr_mc_phy/ddr_phy_4lanes_0.u_ddr_phy_4lanes/ddr_byte_lane_C.ddr_byte_lane_C/oserdes_clkdiv       |             3.7 |
| oserdes_clkdiv_20                                                                                                                                            | design_1_i/mig_7series_0/u_design_1_mig_7series_0_3_mig/c1_u_memc_ui_top_axi/mem_intfc0/ddr_phy_top0/u_ddr_mc_phy_wrapper/u_ddr_mc_phy/ddr_phy_4lanes_2.u_ddr_phy_4lanes/ddr_byte_lane_A.ddr_byte_lane_A/oserdes_clkdiv       |             3.7 |
| oserdes_clkdiv_21                                                                                                                                            | design_1_i/mig_7series_0/u_design_1_mig_7series_0_3_mig/c1_u_memc_ui_top_axi/mem_intfc0/ddr_phy_top0/u_ddr_mc_phy_wrapper/u_ddr_mc_phy/ddr_phy_4lanes_2.u_ddr_phy_4lanes/ddr_byte_lane_B.ddr_byte_lane_B/oserdes_clkdiv       |             3.7 |
| oserdes_clkdiv_22                                                                                                                                            | design_1_i/mig_7series_0/u_design_1_mig_7series_0_3_mig/c1_u_memc_ui_top_axi/mem_intfc0/ddr_phy_top0/u_ddr_mc_phy_wrapper/u_ddr_mc_phy/ddr_phy_4lanes_2.u_ddr_phy_4lanes/ddr_byte_lane_C.ddr_byte_lane_C/oserdes_clkdiv       |             3.7 |
| oserdes_clkdiv_23                                                                                                                                            | design_1_i/mig_7series_0/u_design_1_mig_7series_0_3_mig/c1_u_memc_ui_top_axi/mem_intfc0/ddr_phy_top0/u_ddr_mc_phy_wrapper/u_ddr_mc_phy/ddr_phy_4lanes_2.u_ddr_phy_4lanes/ddr_byte_lane_D.ddr_byte_lane_D/oserdes_clkdiv       |             3.7 |
| oserdes_clkdiv_3                                                                                                                                             | design_1_i/mig_7series_0/u_design_1_mig_7series_0_3_mig/c0_u_memc_ui_top_axi/mem_intfc0/ddr_phy_top0/u_ddr_mc_phy_wrapper/u_ddr_mc_phy/ddr_phy_4lanes_0.u_ddr_phy_4lanes/ddr_byte_lane_D.ddr_byte_lane_D/oserdes_clkdiv       |             3.7 |
| oserdes_clkdiv_4                                                                                                                                             | design_1_i/mig_7series_0/u_design_1_mig_7series_0_3_mig/c0_u_memc_ui_top_axi/mem_intfc0/ddr_phy_top0/u_ddr_mc_phy_wrapper/u_ddr_mc_phy/ddr_phy_4lanes_1.u_ddr_phy_4lanes/ddr_byte_lane_A.ddr_byte_lane_A/oserdes_clkdiv       |             3.7 |
| oserdes_clkdiv_5                                                                                                                                             | design_1_i/mig_7series_0/u_design_1_mig_7series_0_3_mig/c0_u_memc_ui_top_axi/mem_intfc0/ddr_phy_top0/u_ddr_mc_phy_wrapper/u_ddr_mc_phy/ddr_phy_4lanes_1.u_ddr_phy_4lanes/ddr_byte_lane_B.ddr_byte_lane_B/oserdes_clkdiv       |             7.5 |
| oserdes_clkdiv_6                                                                                                                                             | design_1_i/mig_7series_0/u_design_1_mig_7series_0_3_mig/c0_u_memc_ui_top_axi/mem_intfc0/ddr_phy_top0/u_ddr_mc_phy_wrapper/u_ddr_mc_phy/ddr_phy_4lanes_1.u_ddr_phy_4lanes/ddr_byte_lane_C.ddr_byte_lane_C/oserdes_clkdiv       |             7.5 |
| oserdes_clkdiv_7                                                                                                                                             | design_1_i/mig_7series_0/u_design_1_mig_7series_0_3_mig/c0_u_memc_ui_top_axi/mem_intfc0/ddr_phy_top0/u_ddr_mc_phy_wrapper/u_ddr_mc_phy/ddr_phy_4lanes_1.u_ddr_phy_4lanes/ddr_byte_lane_D.ddr_byte_lane_D/oserdes_clkdiv       |             7.5 |
| oserdes_clkdiv_8                                                                                                                                             | design_1_i/mig_7series_0/u_design_1_mig_7series_0_3_mig/c0_u_memc_ui_top_axi/mem_intfc0/ddr_phy_top0/u_ddr_mc_phy_wrapper/u_ddr_mc_phy/ddr_phy_4lanes_2.u_ddr_phy_4lanes/ddr_byte_lane_A.ddr_byte_lane_A/oserdes_clkdiv       |             3.7 |
| oserdes_clkdiv_9                                                                                                                                             | design_1_i/mig_7series_0/u_design_1_mig_7series_0_3_mig/c0_u_memc_ui_top_axi/mem_intfc0/ddr_phy_top0/u_ddr_mc_phy_wrapper/u_ddr_mc_phy/ddr_phy_4lanes_2.u_ddr_phy_4lanes/ddr_byte_lane_B.ddr_byte_lane_B/oserdes_clkdiv       |             3.7 |
| pll_clk3_out                                                                                                                                                 | design_1_i/mig_7series_0/u_design_1_mig_7series_0_3_mig/c0_u_ddr3_infrastructure/pll_clk3_out                                                                                                                                 |             7.5 |
| pll_clk3_out_1                                                                                                                                               | design_1_i/mig_7series_0/u_design_1_mig_7series_0_3_mig/c1_u_ddr3_infrastructure/pll_clk3_out                                                                                                                                 |             7.5 |
| pll_clkfbout                                                                                                                                                 | design_1_i/mig_7series_0/u_design_1_mig_7series_0_3_mig/c0_u_ddr3_infrastructure/pll_clkfbout                                                                                                                                 |            15.0 |
| pll_clkfbout_1                                                                                                                                               | design_1_i/mig_7series_0/u_design_1_mig_7series_0_3_mig/c1_u_ddr3_infrastructure/pll_clkfbout                                                                                                                                 |            15.0 |
| sys_diff_clock_0_clk_p                                                                                                                                       | sys_diff_clock_0_clk_p                                                                                                                                                                                                        |             5.0 |
| sys_diff_clock_clk_p                                                                                                                                         | sys_diff_clock_clk_p                                                                                                                                                                                                          |             5.0 |
| txoutclk_x0y0                                                                                                                                                | design_1_i/xdma_0/inst/design_1_xdma_0_2_pcie2_to_pcie3_wrapper_i/pcie2_ip_i/U0/inst/gt_top_i/pipe_wrapper_i/pipe_lane[0].gt_wrapper_i/pipe_txoutclk_out                                                                      |            10.0 |
| userclk1                                                                                                                                                     | design_1_i/xdma_0/inst/design_1_xdma_0_2_pcie2_to_pcie3_wrapper_i/pcie2_ip_i/U0/inst/gt_top_i/pipe_wrapper_i/pipe_clock_int.pipe_clock_i/userclk1                                                                             |             4.0 |
+--------------------------------------------------------------------------------------------------------------------------------------------------------------+-------------------------------------------------------------------------------------------------------------------------------------------------------------------------------------------------------------------------------+-----------------+


3. Detailed Reports
-------------------

3.1 By Hierarchy
----------------

+--------------------------------------+-----------+
| Name                                 | Power (W) |
+--------------------------------------+-----------+
| design_1_wrapper                     |     6.277 |
|   design_1_i                         |     6.277 |
|     axi_dma_test_0                   |     0.006 |
|       U0                             |     0.006 |
|     axi_iic_0                        |     0.005 |
|       U0                             |     0.005 |
|     axi_interconnect_0               |     0.009 |
|       m02_couplers                   |     0.002 |
|       m03_couplers                   |     0.002 |
|       xbar                           |     0.005 |
|     mig_7series_0                    |     3.988 |
|       u_design_1_mig_7series_0_3_mig |     3.988 |
|     smartconnect_0                   |     0.325 |
|       inst                           |     0.325 |
|     xdma_0                           |     1.943 |
|       inst                           |     1.943 |
+--------------------------------------+-----------+


